Archive member included to satisfy reference by file (symbol)

c:/st/stm32cubeide_1.8.0/stm32cubeide/plugins/com.st.stm32cube.ide.mcu.externaltools.gnu-tools-for-stm32.9-2020-q2-update.win32_2.0.0.202105311346/tools/bin/../lib/gcc/arm-none-eabi/9.3.1/../../../../arm-none-eabi/lib/thumb/v7e-m+fp/hard\libc_nano.a(lib_a-errno.o)
                              ./Core/Src/syscalls.o (__errno)
c:/st/stm32cubeide_1.8.0/stm32cubeide/plugins/com.st.stm32cube.ide.mcu.externaltools.gnu-tools-for-stm32.9-2020-q2-update.win32_2.0.0.202105311346/tools/bin/../lib/gcc/arm-none-eabi/9.3.1/../../../../arm-none-eabi/lib/thumb/v7e-m+fp/hard\libc_nano.a(lib_a-exit.o)
                              c:/st/stm32cubeide_1.8.0/stm32cubeide/plugins/com.st.stm32cube.ide.mcu.externaltools.gnu-tools-for-stm32.9-2020-q2-update.win32_2.0.0.202105311346/tools/bin/../lib/gcc/arm-none-eabi/9.3.1/../../../../arm-none-eabi/lib/thumb/v7e-m+fp/hard/crt0.o (exit)
c:/st/stm32cubeide_1.8.0/stm32cubeide/plugins/com.st.stm32cube.ide.mcu.externaltools.gnu-tools-for-stm32.9-2020-q2-update.win32_2.0.0.202105311346/tools/bin/../lib/gcc/arm-none-eabi/9.3.1/../../../../arm-none-eabi/lib/thumb/v7e-m+fp/hard\libc_nano.a(lib_a-findfp.o)
                              ./Middlewares/Third_Party/FreeRTOS/Source/tasks.o (__sf_fake_stderr)
c:/st/stm32cubeide_1.8.0/stm32cubeide/plugins/com.st.stm32cube.ide.mcu.externaltools.gnu-tools-for-stm32.9-2020-q2-update.win32_2.0.0.202105311346/tools/bin/../lib/gcc/arm-none-eabi/9.3.1/../../../../arm-none-eabi/lib/thumb/v7e-m+fp/hard\libc_nano.a(lib_a-fwalk.o)
                              c:/st/stm32cubeide_1.8.0/stm32cubeide/plugins/com.st.stm32cube.ide.mcu.externaltools.gnu-tools-for-stm32.9-2020-q2-update.win32_2.0.0.202105311346/tools/bin/../lib/gcc/arm-none-eabi/9.3.1/../../../../arm-none-eabi/lib/thumb/v7e-m+fp/hard\libc_nano.a(lib_a-findfp.o) (_fwalk)
c:/st/stm32cubeide_1.8.0/stm32cubeide/plugins/com.st.stm32cube.ide.mcu.externaltools.gnu-tools-for-stm32.9-2020-q2-update.win32_2.0.0.202105311346/tools/bin/../lib/gcc/arm-none-eabi/9.3.1/../../../../arm-none-eabi/lib/thumb/v7e-m+fp/hard\libc_nano.a(lib_a-impure.o)
                              c:/st/stm32cubeide_1.8.0/stm32cubeide/plugins/com.st.stm32cube.ide.mcu.externaltools.gnu-tools-for-stm32.9-2020-q2-update.win32_2.0.0.202105311346/tools/bin/../lib/gcc/arm-none-eabi/9.3.1/../../../../arm-none-eabi/lib/thumb/v7e-m+fp/hard\libc_nano.a(lib_a-exit.o) (_global_impure_ptr)
c:/st/stm32cubeide_1.8.0/stm32cubeide/plugins/com.st.stm32cube.ide.mcu.externaltools.gnu-tools-for-stm32.9-2020-q2-update.win32_2.0.0.202105311346/tools/bin/../lib/gcc/arm-none-eabi/9.3.1/../../../../arm-none-eabi/lib/thumb/v7e-m+fp/hard\libc_nano.a(lib_a-init.o)
                              c:/st/stm32cubeide_1.8.0/stm32cubeide/plugins/com.st.stm32cube.ide.mcu.externaltools.gnu-tools-for-stm32.9-2020-q2-update.win32_2.0.0.202105311346/tools/bin/../lib/gcc/arm-none-eabi/9.3.1/../../../../arm-none-eabi/lib/thumb/v7e-m+fp/hard/crt0.o (__libc_init_array)
c:/st/stm32cubeide_1.8.0/stm32cubeide/plugins/com.st.stm32cube.ide.mcu.externaltools.gnu-tools-for-stm32.9-2020-q2-update.win32_2.0.0.202105311346/tools/bin/../lib/gcc/arm-none-eabi/9.3.1/../../../../arm-none-eabi/lib/thumb/v7e-m+fp/hard\libc_nano.a(lib_a-lock.o)
                              c:/st/stm32cubeide_1.8.0/stm32cubeide/plugins/com.st.stm32cube.ide.mcu.externaltools.gnu-tools-for-stm32.9-2020-q2-update.win32_2.0.0.202105311346/tools/bin/../lib/gcc/arm-none-eabi/9.3.1/../../../../arm-none-eabi/lib/thumb/v7e-m+fp/hard\libc_nano.a(lib_a-findfp.o) (__retarget_lock_init_recursive)
c:/st/stm32cubeide_1.8.0/stm32cubeide/plugins/com.st.stm32cube.ide.mcu.externaltools.gnu-tools-for-stm32.9-2020-q2-update.win32_2.0.0.202105311346/tools/bin/../lib/gcc/arm-none-eabi/9.3.1/../../../../arm-none-eabi/lib/thumb/v7e-m+fp/hard\libc_nano.a(lib_a-memcpy-stub.o)
                              ./Middlewares/Third_Party/FreeRTOS/Source/queue.o (memcpy)
c:/st/stm32cubeide_1.8.0/stm32cubeide/plugins/com.st.stm32cube.ide.mcu.externaltools.gnu-tools-for-stm32.9-2020-q2-update.win32_2.0.0.202105311346/tools/bin/../lib/gcc/arm-none-eabi/9.3.1/../../../../arm-none-eabi/lib/thumb/v7e-m+fp/hard\libc_nano.a(lib_a-memset.o)
                              c:/st/stm32cubeide_1.8.0/stm32cubeide/plugins/com.st.stm32cube.ide.mcu.externaltools.gnu-tools-for-stm32.9-2020-q2-update.win32_2.0.0.202105311346/tools/bin/../lib/gcc/arm-none-eabi/9.3.1/../../../../arm-none-eabi/lib/thumb/v7e-m+fp/hard/crt0.o (memset)
c:/st/stm32cubeide_1.8.0/stm32cubeide/plugins/com.st.stm32cube.ide.mcu.externaltools.gnu-tools-for-stm32.9-2020-q2-update.win32_2.0.0.202105311346/tools/bin/../lib/gcc/arm-none-eabi/9.3.1/../../../../arm-none-eabi/lib/thumb/v7e-m+fp/hard\libc_nano.a(lib_a-nano-mallocr.o)
[...]
Memory Configuration

Name             Origin             Length             Attributes
CCMRAM           0x0000000010000000 0x0000000000010000 xrw
RAM              0x0000000020000000 0x0000000000020000 xrw
FLASH            0x0000000008000000 0x0000000000100000 xr
*default*        0x0000000000000000 0xffffffffffffffff

Linker script and memory map

LOAD c:/st/stm32cubeide_1.8.0/stm32cubeide/plugins/com.st.stm32cube.ide.mcu.externaltools.gnu-tools-for-stm32.9-2020-q2-update.win32_2.0.0.202105311346/tools/bin/../lib/gcc/arm-none-eabi/9.3.1/thumb/v7e-m+fp/hard/crti.o
LOAD c:/st/stm32cubeide_1.8.0/stm32cubeide/plugins/com.st.stm32cube.ide.mcu.externaltools.gnu-tools-for-stm32.9-2020-q2-update.win32_2.0.0.202105311346/tools/bin/../lib/gcc/arm-none-eabi/9.3.1/thumb/v7e-m+fp/hard/crtbegin.o
LOAD c:/st/stm32cubeide_1.8.0/stm32cubeide/plugins/com.st.stm32cube.ide.mcu.externaltools.gnu-tools-for-stm32.9-2020-q2-update.win32_2.0.0.202105311346/tools/bin/../lib/gcc/arm-none-eabi/9.3.1/../../../../arm-none-eabi/lib/thumb/v7e-m+fp/hard/crt0.o
LOAD ./Core/Src/freertos.o
LOAD ./Core/Src/main.o
LOAD ./Core/Src/stm32f4xx_hal_msp.o
LOAD ./Core/Src/stm32f4xx_hal_timebase_tim.o
LOAD ./Core/Src/stm32f4xx_it.o
LOAD ./Core/Src/syscalls.o
LOAD ./Core/Src/sysmem.o
LOAD ./Core/Src/system_stm32f4xx.o
LOAD ./Core/Startup/startup_stm32f407vgtx.o
LOAD ./Drivers/STM32F4xx_HAL_Driver/Src/stm32f4xx_hal.o
LOAD ./Drivers/STM32F4xx_HAL_Driver/Src/stm32f4xx_hal_cortex.o
LOAD ./Drivers/STM32F4xx_HAL_Driver/Src/stm32f4xx_hal_dma.o
LOAD ./Drivers/STM32F4xx_HAL_Driver/Src/stm32f4xx_hal_dma_ex.o
LOAD ./Drivers/STM32F4xx_HAL_Driver/Src/stm32f4xx_hal_exti.o
LOAD ./Drivers/STM32F4xx_HAL_Driver/Src/stm32f4xx_hal_flash.o
LOAD ./Drivers/STM32F4xx_HAL_Driver/Src/stm32f4xx_hal_flash_ex.o
LOAD ./Drivers/STM32F4xx_HAL_Driver/Src/stm32f4xx_hal_flash_ramfunc.o
LOAD ./Drivers/STM32F4xx_HAL_Driver/Src/stm32f4xx_hal_gpio.o
LOAD ./Drivers/STM32F4xx_HAL_Driver/Src/stm32f4xx_hal_pwr.o
LOAD ./Drivers/STM32F4xx_HAL_Driver/Src/stm32f4xx_hal_pwr_ex.o
LOAD ./Drivers/STM32F4xx_HAL_Driver/Src/stm32f4xx_hal_rcc.o
LOAD ./Drivers/STM32F4xx_HAL_Driver/Src/stm32f4xx_hal_rcc_ex.o
LOAD ./Drivers/STM32F4xx_HAL_Driver/Src/stm32f4xx_hal_tim.o
LOAD ./Drivers/STM32F4xx_HAL_Driver/Src/stm32f4xx_hal_tim_ex.o
LOAD ./Middlewares/Third_Party/FreeRTOS/Source/CMSIS_RTOS/cmsis_os.o
LOAD ./Middlewares/Third_Party/FreeRTOS/Source/croutine.o
LOAD ./Middlewares/Third_Party/FreeRTOS/Source/event_groups.o
LOAD ./Middlewares/Third_Party/FreeRTOS/Source/list.o
LOAD ./Middlewares/Third_Party/FreeRTOS/Source/queue.o
LOAD ./Middlewares/Third_Party/FreeRTOS/Source/stream_buffer.o
LOAD ./Middlewares/Third_Party/FreeRTOS/Source/tasks.o
LOAD ./Middlewares/Third_Party/FreeRTOS/Source/timers.o
LOAD ./Middlewares/Third_Party/FreeRTOS/Source/portable/GCC/ARM_CM4F/port.o
LOAD ./Middlewares/Third_Party/FreeRTOS/Source/portable/MemMang/heap_4.o
START GROUP
LOAD c:/st/stm32cubeide_1.8.0/stm32cubeide/plugins/com.st.stm32cube.ide.mcu.externaltools.gnu-tools-for-stm32.9-2020-q2-update.win32_2.0.0.202105311346/tools/bin/../lib/gcc/arm-none-eabi/9.3.1/../../../../arm-none-eabi/lib/thumb/v7e-m+fp/hard\libc_nano.a
LOAD c:/st/stm32cubeide_1.8.0/stm32cubeide/plugins/com.st.stm32cube.ide.mcu.externaltools.gnu-tools-for-stm32.9-2020-q2-update.win32_2.0.0.202105311346/tools/bin/../lib/gcc/arm-none-eabi/9.3.1/../../../../arm-none-eabi/lib/thumb/v7e-m+fp/hard\libm.a
END GROUP
START GROUP
LOAD c:/st/stm32cubeide_1.8.0/stm32cubeide/plugins/com.st.stm32cube.ide.mcu.externaltools.gnu-tools-for-stm32.9-2020-q2-update.win32_2.0.0.202105311346/tools/bin/../lib/gcc/arm-none-eabi/9.3.1/thumb/v7e-m+fp/hard\libgcc.a
LOAD c:/st/stm32cubeide_1.8.0/stm32cubeide/plugins/com.st.stm32cube.ide.mcu.externaltools.gnu-tools-for-stm32.9-2020-q2-update.win32_2.0.0.202105311346/tools/bin/../lib/gcc/arm-none-eabi/9.3.1/../../../../arm-none-eabi/lib/thumb/v7e-m+fp/hard\libc_nano.a
END GROUP
START GROUP
LOAD c:/st/stm32cubeide_1.8.0/stm32cubeide/plugins/com.st.stm32cube.ide.mcu.externaltools.gnu-tools-for-stm32.9-2020-q2-update.win32_2.0.0.202105311346/tools/bin/../lib/gcc/arm-none-eabi/9.3.1/thumb/v7e-m+fp/hard\libgcc.a
LOAD c:/st/stm32cubeide_1.8.0/stm32cubeide/plugins/com.st.stm32cube.ide.mcu.externaltools.gnu-tools-for-stm32.9-2020-q2-update.win32_2.0.0.202105311346/tools/bin/../lib/gcc/arm-none-eabi/9.3.1/../../../../arm-none-eabi/lib/thumb/v7e-m+fp/hard\libc_nano.a
LOAD c:/st/stm32cubeide_1.8.0/stm32cubeide/plugins/com.st.stm32cube.ide.mcu.externaltools.gnu-tools-for-stm32.9-2020-q2-update.win32_2.0.0.202105311346/tools/bin/../lib/gcc/arm-none-eabi/9.3.1/../../../../arm-none-eabi/lib/thumb/v7e-m+fp/hard\libnosys.a
END GROUP
START GROUP
LOAD c:/st/stm32cubeide_1.8.0/stm32cubeide/plugins/com.st.stm32cube.ide.mcu.externaltools.gnu-tools-for-stm32.9-2020-q2-update.win32_2.0.0.202105311346/tools/bin/../lib/gcc/arm-none-eabi/9.3.1/thumb/v7e-m+fp/hard\libgcc.a
LOAD c:/st/stm32cubeide_1.8.0/stm32cubeide/plugins/com.st.stm32cube.ide.mcu.externaltools.gnu-tools-for-stm32.9-2020-q2-update.win32_2.0.0.202105311346/tools/bin/../lib/gcc/arm-none-eabi/9.3.1/../../../../arm-none-eabi/lib/thumb/v7e-m+fp/hard\libc_nano.a
LOAD c:/st/stm32cubeide_1.8.0/stm32cubeide/plugins/com.st.stm32cube.ide.mcu.externaltools.gnu-tools-for-stm32.9-2020-q2-update.win32_2.0.0.202105311346/tools/bin/../lib/gcc/arm-none-eabi/9.3.1/../../../../arm-none-eabi/lib/thumb/v7e-m+fp/hard\libnosys.a
END GROUP
LOAD c:/st/stm32cubeide_1.8.0/stm32cubeide/plugins/com.st.stm32cube.ide.mcu.externaltools.gnu-tools-for-stm32.9-2020-q2-update.win32_2.0.0.202105311346/tools/bin/../lib/gcc/arm-none-eabi/9.3.1/thumb/v7e-m+fp/hard/crtend.o
LOAD c:/st/stm32cubeide_1.8.0/stm32cubeide/plugins/com.st.stm32cube.ide.mcu.externaltools.gnu-tools-for-stm32.9-2020-q2-update.win32_2.0.0.202105311346/tools/bin/../lib/gcc/arm-none-eabi/9.3.1/thumb/v7e-m+fp/hard/crtn.o
                0x0000000020020000                _estack = (ORIGIN (RAM) + LENGTH (RAM))
                0x0000000000000200                _Min_Heap_Size = 0x200
                0x0000000000000400                _Min_Stack_Size = 0x400

.isr_vector     0x0000000008000000      0x188
                0x0000000008000000                . = ALIGN (0x4)
 *(.isr_vector)
 .isr_vector    0x0000000008000000      0x188 ./Core/Startup/startup_stm32f407vgtx.o
                0x0000000008000000                g_pfnVectors
                0x0000000008000188                . = ALIGN (0x4)

.text           0x0000000008000190     0x4258
                0x0000000008000190                . = ALIGN (0x4)
 *(.text)
 .text          0x0000000008000190       0x40 c:/st/stm32cubeide_1.8.0/stm32cubeide/plugins/com.st.stm32cube.ide.mcu.externaltools.gnu-tools-for-stm32.9-2020-q2-update.win32_2.0.0.202105311346/tools/bin/../lib/gcc/arm-none-eabi/9.3.1/thumb/v7e-m+fp/hard/crtbegin.o
 .text          0x00000000080001d0       0x30 c:/st/stm32cubeide_1.8.0/stm32cubeide/plugins/com.st.stm32cube.ide.mcu.externaltools.gnu-tools-for-stm32.9-2020-q2-update.win32_2.0.0.202105311346/tools/bin/../lib/gcc/arm-none-eabi/9.3.1/thumb/v7e-m+fp/hard\libgcc.a(_aeabi_uldivmod.o)
                0x00000000080001d0                __aeabi_uldivmod
 .text          0x0000000008000200      0x2c4 c:/st/stm32cubeide_1.8.0/stm32cubeide/plugins/com.st.stm32cube.ide.mcu.externaltools.gnu-tools-for-stm32.9-2020-q2-update.win32_2.0.0.202105311346/tools/bin/../lib/gcc/arm-none-eabi/9.3.1/thumb/v7e-m+fp/hard\libgcc.a(_udivmoddi4.o)
                0x0000000008000200                __udivmoddi4
 .text          0x00000000080004c4        0x4 c:/st/stm32cubeide_1.8.0/stm32cubeide/plugins/com.st.stm32cube.ide.mcu.externaltools.gnu-tools-for-stm32.9-2020-q2-update.win32_2.0.0.202105311346/tools/bin/../lib/gcc/arm-none-eabi/9.3.1/thumb/v7e-m+fp/hard\libgcc.a(_dvmd_tls.o)
                0x00000000080004c4                __aeabi_idiv0
                0x00000000080004c4                __aeabi_ldiv0
 *(.text*)
 .text.vApplicationGetIdleTaskMemory
                0x00000000080004c8       0x34 ./Core/Src/freertos.o
                0x00000000080004c8                vApplicationGetIdleTaskMemory
 .text.main     0x00000000080004fc      0x108 ./Core/Src/main.o
                0x00000000080004fc                main
 .text.SystemClock_Config
                0x0000000008000604       0xd4 ./Core/Src/main.o
                0x0000000008000604                SystemClock_Config
 .text.MX_GPIO_Init
                0x00000000080006d8       0xc0 ./Core/Src/main.o
 .text.StartDefaultTask
                0x0000000008000798       0x3c ./Core/Src/main.o
                0x0000000008000798                StartDefaultTask
 .text.task1_fc
                0x00000000080007d4       0x3c ./Core/Src/main.o
                0x00000000080007d4                task1_fc
 .text.StartTask03
                0x0000000008000810       0x3c ./Core/Src/main.o
                0x0000000008000810                StartTask03
 .text.StartTask04
                0x000000000800084c       0x3c ./Core/Src/main.o
                0x000000000800084c                StartTask04
 .text.HAL_TIM_PeriodElapsedCallback
                0x0000000008000888       0x24 ./Core/Src/main.o
                0x0000000008000888                HAL_TIM_PeriodElapsedCallback
 .text.Error_Handler
                0x00000000080008ac        0xa ./Core/Src/main.o
                0x00000000080008ac                Error_Handler
 *fill*         0x00000000080008b6        0x2 
 .text.HAL_MspInit
                0x00000000080008b8       0x50 ./Core/Src/stm32f4xx_hal_msp.o
                0x00000000080008b8                HAL_MspInit
 .text.HAL_InitTick
                0x0000000008000908       0xb4 ./Core/Src/stm32f4xx_hal_timebase_tim.o
                0x0000000008000908                HAL_InitTick
 .text.NMI_Handler
                0x00000000080009bc        0x6 ./Core/Src/stm32f4xx_it.o
                0x00000000080009bc                NMI_Handler
 .text.HardFault_Handler
                0x00000000080009c2        0x6 ./Core/Src/stm32f4xx_it.o
                0x00000000080009c2                HardFault_Handler
 .text.MemManage_Handler
                0x00000000080009c8        0x6 ./Core/Src/stm32f4xx_it.o
                0x00000000080009c8                MemManage_Handler
 .text.BusFault_Handler
                0x00000000080009ce        0x6 ./Core/Src/stm32f4xx_it.o
                0x00000000080009ce                BusFault_Handler
 .text.UsageFault_Handler
                0x00000000080009d4        0x6 ./Core/Src/stm32f4xx_it.o
                0x00000000080009d4                UsageFault_Handler
 .text.DebugMon_Handler
                0x00000000080009da        0xe ./Core/Src/stm32f4xx_it.o
                0x00000000080009da                DebugMon_Handler
 .text.TIM1_UP_TIM10_IRQHandler
                0x00000000080009e8       0x14 ./Core/Src/stm32f4xx_it.o
                0x00000000080009e8                TIM1_UP_TIM10_IRQHandler
 .text.SystemInit
                0x00000000080009fc       0x24 ./Core/Src/system_stm32f4xx.o
                0x00000000080009fc                SystemInit
 .text.Reset_Handler
                0x0000000008000a20       0x50 ./Core/Startup/startup_stm32f407vgtx.o
                0x0000000008000a20                Reset_Handler
 .text.Default_Handler
                0x0000000008000a70        0x2 ./Core/Startup/startup_stm32f407vgtx.o
                0x0000000008000a70                RTC_Alarm_IRQHandler
                0x0000000008000a70                HASH_RNG_IRQHandler
                0x0000000008000a70                EXTI2_IRQHandler
                0x0000000008000a70                TIM8_CC_IRQHandler
                0x0000000008000a70                TIM1_CC_IRQHandler
                0x0000000008000a70                DMA2_Stream5_IRQHandler
                0x0000000008000a70                DMA1_Stream5_IRQHandler
                0x0000000008000a70                PVD_IRQHandler
                0x0000000008000a70                SDIO_IRQHandler
                0x0000000008000a70                TAMP_STAMP_IRQHandler
                0x0000000008000a70                CAN2_RX1_IRQHandler
                0x0000000008000a70                EXTI3_IRQHandler
                0x0000000008000a70                TIM8_TRG_COM_TIM14_IRQHandler
                0x0000000008000a70                TIM8_UP_TIM13_IRQHandler
                0x0000000008000a70                I2C3_ER_IRQHandler
                0x0000000008000a70                EXTI0_IRQHandler
                0x0000000008000a70                I2C2_EV_IRQHandler
                0x0000000008000a70                DMA1_Stream2_IRQHandler
                0x0000000008000a70                CAN1_RX0_IRQHandler
                0x0000000008000a70                FPU_IRQHandler
                0x0000000008000a70                OTG_HS_WKUP_IRQHandler
                0x0000000008000a70                CAN2_SCE_IRQHandler
                0x0000000008000a70                DMA2_Stream2_IRQHandler
                0x0000000008000a70                SPI1_IRQHandler
                0x0000000008000a70                TIM6_DAC_IRQHandler
                0x0000000008000a70                TIM1_BRK_TIM9_IRQHandler
                0x0000000008000a70                DCMI_IRQHandler
                0x0000000008000a70                CAN2_RX0_IRQHandler
                0x0000000008000a70                DMA2_Stream3_IRQHandler
                0x0000000008000a70                USART6_IRQHandler
                0x0000000008000a70                USART3_IRQHandler
                0x0000000008000a70                CAN1_RX1_IRQHandler
                0x0000000008000a70                UART5_IRQHandler
                0x0000000008000a70                DMA2_Stream0_IRQHandler
                0x0000000008000a70                TIM4_IRQHandler
                0x0000000008000a70                I2C1_EV_IRQHandler
                0x0000000008000a70                DMA1_Stream6_IRQHandler
                0x0000000008000a70                DMA1_Stream1_IRQHandler
                0x0000000008000a70                UART4_IRQHandler
                0x0000000008000a70                TIM3_IRQHandler
                0x0000000008000a70                RCC_IRQHandler
                0x0000000008000a70                TIM8_BRK_TIM12_IRQHandler
                0x0000000008000a70                Default_Handler
                0x0000000008000a70                EXTI15_10_IRQHandler
                0x0000000008000a70                ADC_IRQHandler
                0x0000000008000a70                DMA1_Stream7_IRQHandler
                0x0000000008000a70                TIM7_IRQHandler
                0x0000000008000a70                CAN2_TX_IRQHandler
                0x0000000008000a70                TIM5_IRQHandler
                0x0000000008000a70                DMA2_Stream7_IRQHandler
                0x0000000008000a70                I2C3_EV_IRQHandler
                0x0000000008000a70                EXTI9_5_IRQHandler
                0x0000000008000a70                RTC_WKUP_IRQHandler
                0x0000000008000a70                ETH_WKUP_IRQHandler
                0x0000000008000a70                SPI2_IRQHandler
                0x0000000008000a70                OTG_HS_EP1_IN_IRQHandler
                0x0000000008000a70                DMA1_Stream0_IRQHandler
                0x0000000008000a70                CAN1_TX_IRQHandler
                0x0000000008000a70                EXTI4_IRQHandler
                0x0000000008000a70                FSMC_IRQHandler
                0x0000000008000a70                ETH_IRQHandler
                0x0000000008000a70                OTG_HS_EP1_OUT_IRQHandler
                0x0000000008000a70                WWDG_IRQHandler
                0x0000000008000a70                TIM2_IRQHandler
                0x0000000008000a70                OTG_FS_WKUP_IRQHandler
                0x0000000008000a70                TIM1_TRG_COM_TIM11_IRQHandler
                0x0000000008000a70                OTG_HS_IRQHandler
                0x0000000008000a70                EXTI1_IRQHandler
                0x0000000008000a70                USART2_IRQHandler
                0x0000000008000a70                I2C2_ER_IRQHandler
                0x0000000008000a70                DMA2_Stream1_IRQHandler
                0x0000000008000a70                CAN1_SCE_IRQHandler
                0x0000000008000a70                FLASH_IRQHandler
                0x0000000008000a70                DMA2_Stream4_IRQHandler
                0x0000000008000a70                USART1_IRQHandler
                0x0000000008000a70                OTG_FS_IRQHandler
                0x0000000008000a70                SPI3_IRQHandler
                0x0000000008000a70                DMA1_Stream4_IRQHandler
                0x0000000008000a70                I2C1_ER_IRQHandler
                0x0000000008000a70                DMA2_Stream6_IRQHandler
                0x0000000008000a70                DMA1_Stream3_IRQHandler
 *fill*         0x0000000008000a72        0x2 
 .text.HAL_Init
                0x0000000008000a74       0x44 ./Drivers/STM32F4xx_HAL_Driver/Src/stm32f4xx_hal.o
                0x0000000008000a74                HAL_Init
 .text.HAL_IncTick
                0x0000000008000ab8       0x28 ./Drivers/STM32F4xx_HAL_Driver/Src/stm32f4xx_hal.o
                0x0000000008000ab8                HAL_IncTick
 .text.HAL_GetTick
                0x0000000008000ae0       0x18 ./Drivers/STM32F4xx_HAL_Driver/Src/stm32f4xx_hal.o
                0x0000000008000ae0                HAL_GetTick
 .text.__NVIC_SetPriorityGrouping
                0x0000000008000af8       0x48 ./Drivers/STM32F4xx_HAL_Driver/Src/stm32f4xx_hal_cortex.o
 .text.__NVIC_GetPriorityGrouping
                0x0000000008000b40       0x1c ./Drivers/STM32F4xx_HAL_Driver/Src/stm32f4xx_hal_cortex.o
 .text.__NVIC_EnableIRQ
                0x0000000008000b5c       0x3c ./Drivers/STM32F4xx_HAL_Driver/Src/stm32f4xx_hal_cortex.o
 .text.__NVIC_SetPriority
                0x0000000008000b98       0x54 ./Drivers/STM32F4xx_HAL_Driver/Src/stm32f4xx_hal_cortex.o
 .text.NVIC_EncodePriority
                0x0000000008000bec       0x66 ./Drivers/STM32F4xx_HAL_Driver/Src/stm32f4xx_hal_cortex.o
 .text.HAL_NVIC_SetPriorityGrouping
                0x0000000008000c52       0x16 ./Drivers/STM32F4xx_HAL_Driver/Src/stm32f4xx_hal_cortex.o
                0x0000000008000c52                HAL_NVIC_SetPriorityGrouping
 .text.HAL_NVIC_SetPriority
                0x0000000008000c68       0x38 ./Drivers/STM32F4xx_HAL_Driver/Src/stm32f4xx_hal_cortex.o
                0x0000000008000c68                HAL_NVIC_SetPriority
 .text.HAL_NVIC_EnableIRQ
                0x0000000008000ca0       0x1c ./Drivers/STM32F4xx_HAL_Driver/Src/stm32f4xx_hal_cortex.o
                0x0000000008000ca0                HAL_NVIC_EnableIRQ
 .text.HAL_GPIO_Init
                0x0000000008000cbc      0x338 ./Drivers/STM32F4xx_HAL_Driver/Src/stm32f4xx_hal_gpio.o
                0x0000000008000cbc                HAL_GPIO_Init
 .text.HAL_GPIO_WritePin
                0x0000000008000ff4       0x32 ./Drivers/STM32F4xx_HAL_Driver/Src/stm32f4xx_hal_gpio.o
                0x0000000008000ff4                HAL_GPIO_WritePin
 .text.HAL_GPIO_TogglePin
                0x0000000008001026       0x34 ./Drivers/STM32F4xx_HAL_Driver/Src/stm32f4xx_hal_gpio.o
                0x0000000008001026                HAL_GPIO_TogglePin
 *fill*         0x000000000800105a        0x2 
 .text.HAL_RCC_OscConfig
                0x000000000800105c      0x4f0 ./Drivers/STM32F4xx_HAL_Driver/Src/stm32f4xx_hal_rcc.o
                0x000000000800105c                HAL_RCC_OscConfig
 .text.HAL_RCC_ClockConfig
                0x000000000800154c      0x1cc ./Drivers/STM32F4xx_HAL_Driver/Src/stm32f4xx_hal_rcc.o
                0x000000000800154c                HAL_RCC_ClockConfig
 .text.HAL_RCC_GetSysClockFreq
                0x0000000008001718      0x1c4 ./Drivers/STM32F4xx_HAL_Driver/Src/stm32f4xx_hal_rcc.o
                0x0000000008001718                HAL_RCC_GetSysClockFreq
 .text.HAL_RCC_GetHCLKFreq
                0x00000000080018dc       0x18 ./Drivers/STM32F4xx_HAL_Driver/Src/stm32f4xx_hal_rcc.o
                0x00000000080018dc                HAL_RCC_GetHCLKFreq
 .text.HAL_RCC_GetPCLK2Freq
                0x00000000080018f4       0x28 ./Drivers/STM32F4xx_HAL_Driver/Src/stm32f4xx_hal_rcc.o
                0x00000000080018f4                HAL_RCC_GetPCLK2Freq
 .text.HAL_RCC_GetClockConfig
                0x000000000800191c       0x64 ./Drivers/STM32F4xx_HAL_Driver/Src/stm32f4xx_hal_rcc.o
                0x000000000800191c                HAL_RCC_GetClockConfig
 .text.HAL_TIM_Base_Init
                0x0000000008001980       0x9e ./Drivers/STM32F4xx_HAL_Driver/Src/stm32f4xx_hal_tim.o
                0x0000000008001980                HAL_TIM_Base_Init
 .text.HAL_TIM_Base_MspInit
                0x0000000008001a1e       0x14 ./Drivers/STM32F4xx_HAL_Driver/Src/stm32f4xx_hal_tim.o
                0x0000000008001a1e                HAL_TIM_Base_MspInit
 *fill*         0x0000000008001a32        0x2 
 .text.HAL_TIM_Base_Start_IT
                0x0000000008001a34       0xe0 ./Drivers/STM32F4xx_HAL_Driver/Src/stm32f4xx_hal_tim.o
                0x0000000008001a34                HAL_TIM_Base_Start_IT
 .text.HAL_TIM_IRQHandler
                0x0000000008001b14      0x210 ./Drivers/STM32F4xx_HAL_Driver/Src/stm32f4xx_hal_tim.o
                0x0000000008001b14                HAL_TIM_IRQHandler
 .text.HAL_TIM_OC_DelayElapsedCallback
                0x0000000008001d24       0x14 ./Drivers/STM32F4xx_HAL_Driver/Src/stm32f4xx_hal_tim.o
                0x0000000008001d24                HAL_TIM_OC_DelayElapsedCallback
 .text.HAL_TIM_IC_CaptureCallback
                0x0000000008001d38       0x14 ./Drivers/STM32F4xx_HAL_Driver/Src/stm32f4xx_hal_tim.o
                0x0000000008001d38                HAL_TIM_IC_CaptureCallback
 .text.HAL_TIM_PWM_PulseFinishedCallback
                0x0000000008001d4c       0x14 ./Drivers/STM32F4xx_HAL_Driver/Src/stm32f4xx_hal_tim.o
                0x0000000008001d4c                HAL_TIM_PWM_PulseFinishedCallback
 .text.HAL_TIM_TriggerCallback
                0x0000000008001d60       0x14 ./Drivers/STM32F4xx_HAL_Driver/Src/stm32f4xx_hal_tim.o
                0x0000000008001d60                HAL_TIM_TriggerCallback
 .text.TIM_Base_SetConfig
                0x0000000008001d74      0x140 ./Drivers/STM32F4xx_HAL_Driver/Src/stm32f4xx_hal_tim.o
                0x0000000008001d74                TIM_Base_SetConfig
 .text.HAL_TIMEx_CommutCallback
                0x0000000008001eb4       0x14 ./Drivers/STM32F4xx_HAL_Driver/Src/stm32f4xx_hal_tim_ex.o
                0x0000000008001eb4                HAL_TIMEx_CommutCallback
 .text.HAL_TIMEx_BreakCallback
                0x0000000008001ec8       0x14 ./Drivers/STM32F4xx_HAL_Driver/Src/stm32f4xx_hal_tim_ex.o
                0x0000000008001ec8                HAL_TIMEx_BreakCallback
 .text.makeFreeRtosPriority
                0x0000000008001edc       0x30 ./Middlewares/Third_Party/FreeRTOS/Source/CMSIS_RTOS/cmsis_os.o
 .text.inHandlerMode
                0x0000000008001f0c       0x24 ./Middlewares/Third_Party/FreeRTOS/Source/CMSIS_RTOS/cmsis_os.o
 .text.osKernelStart
                0x0000000008001f30        0xe ./Middlewares/Third_Party/FreeRTOS/Source/CMSIS_RTOS/cmsis_os.o
                0x0000000008001f30                osKernelStart
 .text.osThreadCreate
                0x0000000008001f3e       0x98 ./Middlewares/Third_Party/FreeRTOS/Source/CMSIS_RTOS/cmsis_os.o
                0x0000000008001f3e                osThreadCreate
 .text.osDelay  0x0000000008001fd6       0x28 ./Middlewares/Third_Party/FreeRTOS/Source/CMSIS_RTOS/cmsis_os.o
                0x0000000008001fd6                osDelay
 .text.osSemaphoreCreate
                0x0000000008001ffe       0x64 ./Middlewares/Third_Party/FreeRTOS/Source/CMSIS_RTOS/cmsis_os.o
                0x0000000008001ffe                osSemaphoreCreate
 .text.osThreadSuspend
                0x0000000008002062       0x18 ./Middlewares/Third_Party/FreeRTOS/Source/CMSIS_RTOS/cmsis_os.o
                0x0000000008002062                osThreadSuspend
 *fill*         0x000000000800207a        0x2 
 .text.osThreadResume
                0x000000000800207c       0x44 ./Middlewares/Third_Party/FreeRTOS/Source/CMSIS_RTOS/cmsis_os.o
                0x000000000800207c                osThreadResume
 .text.vListInitialise
                0x00000000080020c0       0x40 ./Middlewares/Third_Party/FreeRTOS/Source/list.o
                0x00000000080020c0                vListInitialise
 .text.vListInitialiseItem
                0x0000000008002100       0x1a ./Middlewares/Third_Party/FreeRTOS/Source/list.o
                0x0000000008002100                vListInitialiseItem
 .text.vListInsertEnd
                0x000000000800211a       0x48 ./Middlewares/Third_Party/FreeRTOS/Source/list.o
                0x000000000800211a                vListInsertEnd
 .text.vListInsert
                0x0000000008002162       0x72 ./Middlewares/Third_Party/FreeRTOS/Source/list.o
                0x0000000008002162                vListInsert
 .text.uxListRemove
                0x00000000080021d4       0x54 ./Middlewares/Third_Party/FreeRTOS/Source/list.o
                0x00000000080021d4                uxListRemove
 .text.xQueueGenericReset
                0x0000000008002228       0xd0 ./Middlewares/Third_Party/FreeRTOS/Source/queue.o
                0x0000000008002228                xQueueGenericReset
 .text.xQueueGenericCreateStatic
                0x00000000080022f8       0xf0 ./Middlewares/Third_Party/FreeRTOS/Source/queue.o
                0x00000000080022f8                xQueueGenericCreateStatic
 .text.xQueueGenericCreate
                0x00000000080023e8       0x74 ./Middlewares/Third_Party/FreeRTOS/Source/queue.o
                0x00000000080023e8                xQueueGenericCreate
 .text.prvInitialiseNewQueue
                0x000000000800245c       0x3e ./Middlewares/Third_Party/FreeRTOS/Source/queue.o
 *fill*         0x000000000800249a        0x2 
 .text.xQueueGenericSend
                0x000000000800249c      0x1fc ./Middlewares/Third_Party/FreeRTOS/Source/queue.o
                0x000000000800249c                xQueueGenericSend
 .text.prvCopyDataToQueue
                0x0000000008002698       0xd4 ./Middlewares/Third_Party/FreeRTOS/Source/queue.o
 .text.prvUnlockQueue
                0x000000000800276c       0xa4 ./Middlewares/Third_Party/FreeRTOS/Source/queue.o
 .text.prvIsQueueFull
                0x0000000008002810       0x30 ./Middlewares/Third_Party/FreeRTOS/Source/queue.o
 .text.xTaskCreateStatic
                0x0000000008002840       0xba ./Middlewares/Third_Party/FreeRTOS/Source/tasks.o
                0x0000000008002840                xTaskCreateStatic
 .text.xTaskCreate
                0x00000000080028fa       0x8a ./Middlewares/Third_Party/FreeRTOS/Source/tasks.o
                0x00000000080028fa                xTaskCreate
 .text.prvInitialiseNewTask
                0x0000000008002984      0x13c ./Middlewares/Third_Party/FreeRTOS/Source/tasks.o
 .text.prvAddNewTaskToReadyList
                0x0000000008002ac0       0xd4 ./Middlewares/Third_Party/FreeRTOS/Source/tasks.o
 .text.vTaskDelay
                0x0000000008002b94       0x68 ./Middlewares/Third_Party/FreeRTOS/Source/tasks.o
                0x0000000008002b94                vTaskDelay
 .text.vTaskSuspend
                0x0000000008002bfc      0x124 ./Middlewares/Third_Party/FreeRTOS/Source/tasks.o
                0x0000000008002bfc                vTaskSuspend
 .text.prvTaskIsTaskSuspended
                0x0000000008002d20       0x64 ./Middlewares/Third_Party/FreeRTOS/Source/tasks.o
 .text.vTaskResume
                0x0000000008002d84       0xbc ./Middlewares/Third_Party/FreeRTOS/Source/tasks.o
                0x0000000008002d84                vTaskResume
 .text.xTaskResumeFromISR
                0x0000000008002e40       0xe4 ./Middlewares/Third_Party/FreeRTOS/Source/tasks.o
                0x0000000008002e40                xTaskResumeFromISR
 .text.vTaskStartScheduler
                0x0000000008002f24       0xd4 ./Middlewares/Third_Party/FreeRTOS/Source/tasks.o
                0x0000000008002f24                vTaskStartScheduler
 .text.vTaskSuspendAll
                0x0000000008002ff8       0x1c ./Middlewares/Third_Party/FreeRTOS/Source/tasks.o
                0x0000000008002ff8                vTaskSuspendAll
 .text.xTaskResumeAll
                0x0000000008003014      0x138 ./Middlewares/Third_Party/FreeRTOS/Source/tasks.o
                0x0000000008003014                xTaskResumeAll
 .text.xTaskIncrementTick
                0x000000000800314c      0x170 ./Middlewares/Third_Party/FreeRTOS/Source/tasks.o
                0x000000000800314c                xTaskIncrementTick
 .text.vTaskSwitchContext
                0x00000000080032bc       0xc4 ./Middlewares/Third_Party/FreeRTOS/Source/tasks.o
                0x00000000080032bc                vTaskSwitchContext
 .text.vTaskPlaceOnEventList
                0x0000000008003380       0x48 ./Middlewares/Third_Party/FreeRTOS/Source/tasks.o
                0x0000000008003380                vTaskPlaceOnEventList
 .text.xTaskRemoveFromEventList
                0x00000000080033c8       0xc4 ./Middlewares/Third_Party/FreeRTOS/Source/tasks.o
                0x00000000080033c8                xTaskRemoveFromEventList
 .text.vTaskInternalSetTimeOutState
                0x000000000800348c       0x2c ./Middlewares/Third_Party/FreeRTOS/Source/tasks.o
                0x000000000800348c                vTaskInternalSetTimeOutState
 .text.xTaskCheckForTimeOut
                0x00000000080034b8       0xc4 ./Middlewares/Third_Party/FreeRTOS/Source/tasks.o
                0x00000000080034b8                xTaskCheckForTimeOut
 .text.vTaskMissedYield
                0x000000000800357c       0x18 ./Middlewares/Third_Party/FreeRTOS/Source/tasks.o
                0x000000000800357c                vTaskMissedYield
 .text.prvIdleTask
                0x0000000008003594       0x30 ./Middlewares/Third_Party/FreeRTOS/Source/tasks.o
 .text.prvInitialiseTaskLists
                0x00000000080035c4       0x80 ./Middlewares/Third_Party/FreeRTOS/Source/tasks.o
 .text.prvCheckTasksWaitingTermination
                0x0000000008003644       0x5c ./Middlewares/Third_Party/FreeRTOS/Source/tasks.o
 .text.prvDeleteTCB
                0x00000000080036a0       0x68 ./Middlewares/Third_Party/FreeRTOS/Source/tasks.o
 .text.prvResetNextTaskUnblockTime
                0x0000000008003708       0x40 ./Middlewares/Third_Party/FreeRTOS/Source/tasks.o
 .text.xTaskGetSchedulerState
                0x0000000008003748       0x3c ./Middlewares/Third_Party/FreeRTOS/Source/tasks.o
                0x0000000008003748                xTaskGetSchedulerState
 .text.xTaskPriorityDisinherit
                0x0000000008003784      0x10c ./Middlewares/Third_Party/FreeRTOS/Source/tasks.o
                0x0000000008003784                xTaskPriorityDisinherit
 .text.prvAddCurrentTaskToDelayedList
                0x0000000008003890       0xcc ./Middlewares/Third_Party/FreeRTOS/Source/tasks.o
 .text.pxPortInitialiseStack
                0x000000000800395c       0x68 ./Middlewares/Third_Party/FreeRTOS/Source/portable/GCC/ARM_CM4F/port.o
                0x000000000800395c                pxPortInitialiseStack
 .text.prvTaskExitError
                0x00000000080039c4       0x58 ./Middlewares/Third_Party/FreeRTOS/Source/portable/GCC/ARM_CM4F/port.o
 *fill*         0x0000000008003a1c        0x4 
 .text.SVC_Handler
                0x0000000008003a20       0x28 ./Middlewares/Third_Party/FreeRTOS/Source/portable/GCC/ARM_CM4F/port.o
                0x0000000008003a20                SVC_Handler
 .text.prvPortStartFirstTask
                0x0000000008003a48       0x28 ./Middlewares/Third_Party/FreeRTOS/Source/portable/GCC/ARM_CM4F/port.o
 .text.xPortStartScheduler
                0x0000000008003a70      0x144 ./Middlewares/Third_Party/FreeRTOS/Source/portable/GCC/ARM_CM4F/port.o
                0x0000000008003a70                xPortStartScheduler
 .text.vPortEnterCritical
                0x0000000008003bb4       0x60 ./Middlewares/Third_Party/FreeRTOS/Source/portable/GCC/ARM_CM4F/port.o
                0x0000000008003bb4                vPortEnterCritical
 .text.vPortExitCritical
                0x0000000008003c14       0x54 ./Middlewares/Third_Party/FreeRTOS/Source/portable/GCC/ARM_CM4F/port.o
                0x0000000008003c14                vPortExitCritical
 *fill*         0x0000000008003c68        0x8 
 .text.PendSV_Handler
                0x0000000008003c70       0x68 ./Middlewares/Third_Party/FreeRTOS/Source/portable/GCC/ARM_CM4F/port.o
                0x0000000008003c70                PendSV_Handler
 .text.SysTick_Handler
                0x0000000008003cd8       0x44 ./Middlewares/Third_Party/FreeRTOS/Source/portable/GCC/ARM_CM4F/port.o
                0x0000000008003cd8                SysTick_Handler
 .text.vPortSetupTimerInterrupt
                0x0000000008003d1c       0x48 ./Middlewares/Third_Party/FreeRTOS/Source/portable/GCC/ARM_CM4F/port.o
                0x0000000008003d1c                vPortSetupTimerInterrupt
 .text.vPortEnableVFP
                0x0000000008003d64       0x14 ./Middlewares/Third_Party/FreeRTOS/Source/portable/GCC/ARM_CM4F/port.o
 .text.vPortValidateInterruptPriority
                0x0000000008003d78       0x80 ./Middlewares/Third_Party/FreeRTOS/Source/portable/GCC/ARM_CM4F/port.o
                0x0000000008003d78                vPortValidateInterruptPriority
 .text.pvPortMalloc
                0x0000000008003df8      0x198 ./Middlewares/Third_Party/FreeRTOS/Source/portable/MemMang/heap_4.o
                0x0000000008003df8                pvPortMalloc
 .text.vPortFree
                0x0000000008003f90       0xc4 ./Middlewares/Third_Party/FreeRTOS/Source/portable/MemMang/heap_4.o
                0x0000000008003f90                vPortFree
 .text.prvHeapInit
                0x0000000008004054       0xc4 ./Middlewares/Third_Party/FreeRTOS/Source/portable/MemMang/heap_4.o
 .text.prvInsertBlockIntoFreeList
                0x0000000008004118       0xb4 ./Middlewares/Third_Party/FreeRTOS/Source/portable/MemMang/heap_4.o
 .text.__libc_init_array
                0x00000000080041cc       0x48 c:/st/stm32cubeide_1.8.0/stm32cubeide/plugins/com.st.stm32cube.ide.mcu.externaltools.gnu-tools-for-stm32.9-2020-q2-update.win32_2.0.0.202105311346/tools/bin/../lib/gcc/arm-none-eabi/9.3.1/../../../../arm-none-eabi/lib/thumb/v7e-m+fp/hard\libc_nano.a(lib_a-init.o)
                0x00000000080041cc                __libc_init_array
 .text.__retarget_lock_acquire_recursive
                0x0000000008004214        0x2 c:/st/stm32cubeide_1.8.0/stm32cubeide/plugins/com.st.stm32cube.ide.mcu.externaltools.gnu-tools-for-stm32.9-2020-q2-update.win32_2.0.0.202105311346/tools/bin/../lib/gcc/arm-none-eabi/9.3.1/../../../../arm-none-eabi/lib/thumb/v7e-m+fp/hard\libc_nano.a(lib_a-lock.o)
                0x0000000008004214                __retarget_lock_acquire_recursive
 .text.__retarget_lock_release_recursive
                0x0000000008004216        0x2 c:/st/stm32cubeide_1.8.0/stm32cubeide/plugins/com.st.stm32cube.ide.mcu.externaltools.gnu-tools-for-stm32.9-2020-q2-update.win32_2.0.0.202105311346/tools/bin/../lib/gcc/arm-none-eabi/9.3.1/../../../../arm-none-eabi/lib/thumb/v7e-m+fp/hard\libc_nano.a(lib_a-lock.o)
                0x0000000008004216                __retarget_lock_release_recursive
 .text.memcpy   0x0000000008004218       0x1c c:/st/stm32cubeide_1.8.0/stm32cubeide/plugins/com.st.stm32cube.ide.mcu.externaltools.gnu-tools-for-stm32.9-2020-q2-update.win32_2.0.0.202105311346/tools/bin/../lib/gcc/arm-none-eabi/9.3.1/../../../../arm-none-eabi/lib/thumb/v7e-m+fp/hard\libc_nano.a(lib_a-memcpy-stub.o)
                0x0000000008004218                memcpy
 .text.memset   0x0000000008004234       0x10 c:/st/stm32cubeide_1.8.0/stm32cubeide/plugins/com.st.stm32cube.ide.mcu.externaltools.gnu-tools-for-stm32.9-2020-q2-update.win32_2.0.0.202105311346/tools/bin/../lib/gcc/arm-none-eabi/9.3.1/../../../../arm-none-eabi/lib/thumb/v7e-m+fp/hard\libc_nano.a(lib_a-memset.o)
                0x0000000008004234                memset
 .text.cleanup_glue
                0x0000000008004244       0x1a c:/st/stm32cubeide_1.8.0/stm32cubeide/plugins/com.st.stm32cube.ide.mcu.externaltools.gnu-tools-for-stm32.9-2020-q2-update.win32_2.0.0.202105311346/tools/bin/../lib/gcc/arm-none-eabi/9.3.1/../../../../arm-none-eabi/lib/thumb/v7e-m+fp/hard\libc_nano.a(lib_a-reent.o)
                0x0000000008004244                cleanup_glue
 *fill*         0x000000000800425e        0x2 
 .text._reclaim_reent
                0x0000000008004260       0xb8 c:/st/stm32cubeide_1.8.0/stm32cubeide/plugins/com.st.stm32cube.ide.mcu.externaltools.gnu-tools-for-stm32.9-2020-q2-update.win32_2.0.0.202105311346/tools/bin/../lib/gcc/arm-none-eabi/9.3.1/../../../../arm-none-eabi/lib/thumb/v7e-m+fp/hard\libc_nano.a(lib_a-reent.o)
                0x0000000008004260                _reclaim_reent
 .text.__malloc_lock
                0x0000000008004318        0xc c:/st/stm32cubeide_1.8.0/stm32cubeide/plugins/com.st.stm32cube.ide.mcu.externaltools.gnu-tools-for-stm32.9-2020-q2-update.win32_2.0.0.202105311346/tools/bin/../lib/gcc/arm-none-eabi/9.3.1/../../../../arm-none-eabi/lib/thumb/v7e-m+fp/hard\libc_nano.a(lib_a-mlock.o)
                0x0000000008004318                __malloc_lock
 .text.__malloc_unlock
                0x0000000008004324        0xc c:/st/stm32cubeide_1.8.0/stm32cubeide/plugins/com.st.stm32cube.ide.mcu.externaltools.gnu-tools-for-stm32.9-2020-q2-update.win32_2.0.0.202105311346/tools/bin/../lib/gcc/arm-none-eabi/9.3.1/../../../../arm-none-eabi/lib/thumb/v7e-m+fp/hard\libc_nano.a(lib_a-mlock.o)
                0x0000000008004324                __malloc_unlock
 .text._free_r  0x0000000008004330       0xa0 c:/st/stm32cubeide_1.8.0/stm32cubeide/plugins/com.st.stm32cube.ide.mcu.externaltools.gnu-tools-for-stm32.9-2020-q2-update.win32_2.0.0.202105311346/tools/bin/../lib/gcc/arm-none-eabi/9.3.1/../../../../arm-none-eabi/lib/thumb/v7e-m+fp/hard\libc_nano.a(lib_a-nano-freer.o)
                0x0000000008004330                _free_r
 *(.glue_7)
 .glue_7        0x00000000080043d0        0x0 linker stubs
 *(.glue_7t)
 .glue_7t       0x00000000080043d0        0x0 linker stubs
 *(.eh_frame)
 .eh_frame      0x00000000080043d0        0x0 c:/st/stm32cubeide_1.8.0/stm32cubeide/plugins/com.st.stm32cube.ide.mcu.externaltools.gnu-tools-for-stm32.9-2020-q2-update.win32_2.0.0.202105311346/tools/bin/../lib/gcc/arm-none-eabi/9.3.1/thumb/v7e-m+fp/hard/crtbegin.o
 *(.init)
 .init          0x00000000080043d0        0x4 c:/st/stm32cubeide_1.8.0/stm32cubeide/plugins/com.st.stm32cube.ide.mcu.externaltools.gnu-tools-for-stm32.9-2020-q2-update.win32_2.0.0.202105311346/tools/bin/../lib/gcc/arm-none-eabi/9.3.1/thumb/v7e-m+fp/hard/crti.o
                0x00000000080043d0                _init
 .init          0x00000000080043d4        0x8 c:/st/stm32cubeide_1.8.0/stm32cubeide/plugins/com.st.stm32cube.ide.mcu.externaltools.gnu-tools-for-stm32.9-2020-q2-update.win32_2.0.0.202105311346/tools/bin/../lib/gcc/arm-none-eabi/9.3.1/thumb/v7e-m+fp/hard/crtn.o
 *(.fini)
 .fini          0x00000000080043dc        0x4 c:/st/stm32cubeide_1.8.0/stm32cubeide/plugins/com.st.stm32cube.ide.mcu.externaltools.gnu-tools-for-stm32.9-2020-q2-update.win32_2.0.0.202105311346/tools/bin/../lib/gcc/arm-none-eabi/9.3.1/thumb/v7e-m+fp/hard/crti.o
                0x00000000080043dc                _fini
 .fini          0x00000000080043e0        0x8 c:/st/stm32cubeide_1.8.0/stm32cubeide/plugins/com.st.stm32cube.ide.mcu.externaltools.gnu-tools-for-stm32.9-2020-q2-update.win32_2.0.0.202105311346/tools/bin/../lib/gcc/arm-none-eabi/9.3.1/thumb/v7e-m+fp/hard/crtn.o
                0x00000000080043e8                . = ALIGN (0x4)
                0x00000000080043e8                _etext = .

.vfp11_veneer   0x00000000080043e8        0x0
 .vfp11_veneer  0x00000000080043e8        0x0 linker stubs

.v4_bx          0x00000000080043e8        0x0
 .v4_bx         0x00000000080043e8        0x0 linker stubs

.iplt           0x00000000080043e8        0x0
 .iplt          0x00000000080043e8        0x0 c:/st/stm32cubeide_1.8.0/stm32cubeide/plugins/com.st.stm32cube.ide.mcu.externaltools.gnu-tools-for-stm32.9-2020-q2-update.win32_2.0.0.202105311346/tools/bin/../lib/gcc/arm-none-eabi/9.3.1/thumb/v7e-m+fp/hard/crtbegin.o

.rodata         0x00000000080043e8      0x114
                0x00000000080043e8                . = ALIGN (0x4)
 *(.rodata)
 .rodata        0x00000000080043e8       0x94 ./Core/Src/main.o
 .rodata        0x000000000800447c        0x5 ./Middlewares/Third_Party/FreeRTOS/Source/tasks.o
 *(.rodata*)
 *fill*         0x0000000008004481        0x3 
 .rodata.AHBPrescTable
                0x0000000008004484       0x10 ./Core/Src/system_stm32f4xx.o
                0x0000000008004484                AHBPrescTable
 .rodata.APBPrescTable
                0x0000000008004494        0x8 ./Core/Src/system_stm32f4xx.o
                0x0000000008004494                APBPrescTable
 .rodata.__sf_fake_stderr
                0x000000000800449c       0x20 c:/st/stm32cubeide_1.8.0/stm32cubeide/plugins/com.st.stm32cube.ide.mcu.externaltools.gnu-tools-for-stm32.9-2020-q2-update.win32_2.0.0.202105311346/tools/bin/../lib/gcc/arm-none-eabi/9.3.1/../../../../arm-none-eabi/lib/thumb/v7e-m+fp/hard\libc_nano.a(lib_a-findfp.o)
                0x000000000800449c                __sf_fake_stderr
 .rodata.__sf_fake_stdin
                0x00000000080044bc       0x20 c:/st/stm32cubeide_1.8.0/stm32cubeide/plugins/com.st.stm32cube.ide.mcu.externaltools.gnu-tools-for-stm32.9-2020-q2-update.win32_2.0.0.202105311346/tools/bin/../lib/gcc/arm-none-eabi/9.3.1/../../../../arm-none-eabi/lib/thumb/v7e-m+fp/hard\libc_nano.a(lib_a-findfp.o)
                0x00000000080044bc                __sf_fake_stdin
 .rodata.__sf_fake_stdout
                0x00000000080044dc       0x20 c:/st/stm32cubeide_1.8.0/stm32cubeide/plugins/com.st.stm32cube.ide.mcu.externaltools.gnu-tools-for-stm32.9-2020-q2-update.win32_2.0.0.202105311346/tools/bin/../lib/gcc/arm-none-eabi/9.3.1/../../../../arm-none-eabi/lib/thumb/v7e-m+fp/hard\libc_nano.a(lib_a-findfp.o)
                0x00000000080044dc                __sf_fake_stdout
                0x00000000080044fc                . = ALIGN (0x4)

.ARM.extab      0x00000000080044fc        0x0
                0x00000000080044fc                . = ALIGN (0x4)
 *(.ARM.extab* .gnu.linkonce.armextab.*)
                0x00000000080044fc                . = ALIGN (0x4)

.ARM            0x00000000080044fc        0x8
                0x00000000080044fc                . = ALIGN (0x4)
                0x00000000080044fc                __exidx_start = .
 *(.ARM.exidx*)
 .ARM.exidx     0x00000000080044fc        0x8 c:/st/stm32cubeide_1.8.0/stm32cubeide/plugins/com.st.stm32cube.ide.mcu.externaltools.gnu-tools-for-stm32.9-2020-q2-update.win32_2.0.0.202105311346/tools/bin/../lib/gcc/arm-none-eabi/9.3.1/thumb/v7e-m+fp/hard\libgcc.a(_udivmoddi4.o)
                0x0000000008004504                __exidx_end = .
                0x0000000008004504                . = ALIGN (0x4)

.rel.dyn        0x0000000008004504        0x0
 .rel.iplt      0x0000000008004504        0x0 c:/st/stm32cubeide_1.8.0/stm32cubeide/plugins/com.st.stm32cube.ide.mcu.externaltools.gnu-tools-for-stm32.9-2020-q2-update.win32_2.0.0.202105311346/tools/bin/../lib/gcc/arm-none-eabi/9.3.1/thumb/v7e-m+fp/hard/crtbegin.o

.preinit_array  0x0000000008004504        0x0
                0x0000000008004504                . = ALIGN (0x4)
                0x0000000008004504                PROVIDE (__preinit_array_start = .)
 *(.preinit_array*)
                0x0000000008004504                PROVIDE (__preinit_array_end = .)
                0x0000000008004504                . = ALIGN (0x4)

.init_array     0x0000000008004504        0x4
                0x0000000008004504                . = ALIGN (0x4)
                0x0000000008004504                PROVIDE (__init_array_start = .)
 *(SORT_BY_NAME(.init_array.*))
 *(.init_array*)
 .init_array    0x0000000008004504        0x4 c:/st/stm32cubeide_1.8.0/stm32cubeide/plugins/com.st.stm32cube.ide.mcu.externaltools.gnu-tools-for-stm32.9-2020-q2-update.win32_2.0.0.202105311346/tools/bin/../lib/gcc/arm-none-eabi/9.3.1/thumb/v7e-m+fp/hard/crtbegin.o
                0x0000000008004508                PROVIDE (__init_array_end = .)
                0x0000000008004508                . = ALIGN (0x4)

.fini_array     0x0000000008004508        0x4
                0x0000000008004508                . = ALIGN (0x4)
                [!provide]                        PROVIDE (__fini_array_start = .)
 *(SORT_BY_NAME(.fini_array.*))
 *(.fini_array*)
 .fini_array    0x0000000008004508        0x4 c:/st/stm32cubeide_1.8.0/stm32cubeide/plugins/com.st.stm32cube.ide.mcu.externaltools.gnu-tools-for-stm32.9-2020-q2-update.win32_2.0.0.202105311346/tools/bin/../lib/gcc/arm-none-eabi/9.3.1/thumb/v7e-m+fp/hard/crtbegin.o
                [!provide]                        PROVIDE (__fini_array_end = .)
                0x000000000800450c                . = ALIGN (0x4)
                0x000000000800450c                _sidata = LOADADDR (.data)

.data           0x0000000020000000       0x74 load address 0x000000000800450c
                0x0000000020000000                . = ALIGN (0x4)
                0x0000000020000000                _sdata = .
 *(.data)
 *(.data*)
 .data.SystemCoreClock
                0x0000000020000000        0x4 ./Core/Src/system_stm32f4xx.o
                0x0000000020000000                SystemCoreClock
 .data.uwTickPrio
                0x0000000020000004        0x4 ./Drivers/STM32F4xx_HAL_Driver/Src/stm32f4xx_hal.o
                0x0000000020000004                uwTickPrio
 .data.uwTickFreq
                0x0000000020000008        0x1 ./Drivers/STM32F4xx_HAL_Driver/Src/stm32f4xx_hal.o
                0x0000000020000008                uwTickFreq
 *fill*         0x0000000020000009        0x3 
 .data.uxCriticalNesting
                0x000000002000000c        0x4 ./Middlewares/Third_Party/FreeRTOS/Source/portable/GCC/ARM_CM4F/port.o
 .data._impure_ptr
                0x0000000020000010        0x4 c:/st/stm32cubeide_1.8.0/stm32cubeide/plugins/com.st.stm32cube.ide.mcu.externaltools.gnu-tools-for-stm32.9-2020-q2-update.win32_2.0.0.202105311346/tools/bin/../lib/gcc/arm-none-eabi/9.3.1/../../../../arm-none-eabi/lib/thumb/v7e-m+fp/hard\libc_nano.a(lib_a-impure.o)
                0x0000000020000010                _impure_ptr
 .data.impure_data
                0x0000000020000014       0x60 c:/st/stm32cubeide_1.8.0/stm32cubeide/plugins/com.st.stm32cube.ide.mcu.externaltools.gnu-tools-for-stm32.9-2020-q2-update.win32_2.0.0.202105311346/tools/bin/../lib/gcc/arm-none-eabi/9.3.1/../../../../arm-none-eabi/lib/thumb/v7e-m+fp/hard\libc_nano.a(lib_a-impure.o)
 *(.RamFunc)
 *(.RamFunc*)
                0x0000000020000074                . = ALIGN (0x4)
                0x0000000020000074                _edata = .
                0x0000000008004580                _siccmram = LOADADDR (.ccmram)

.igot.plt       0x0000000020000074        0x0 load address 0x0000000008004580
 .igot.plt      0x0000000020000074        0x0 c:/st/stm32cubeide_1.8.0/stm32cubeide/plugins/com.st.stm32cube.ide.mcu.externaltools.gnu-tools-for-stm32.9-2020-q2-update.win32_2.0.0.202105311346/tools/bin/../lib/gcc/arm-none-eabi/9.3.1/thumb/v7e-m+fp/hard/crtbegin.o

.ccmram         0x0000000010000000        0x0 load address 0x0000000008004580
                0x0000000010000000                . = ALIGN (0x4)
                0x0000000010000000                _sccmram = .
 *(.ccmram)
 *(.ccmram*)
                0x0000000010000000                . = ALIGN (0x4)
                0x0000000010000000                _eccmram = .
                0x0000000010000000                . = ALIGN (0x4)

.bss            0x0000000020000074     0x4094
                0x0000000020000074                _sbss = .
                0x0000000020000074                __bss_start__ = _sbss
 *(.bss)
 .bss           0x0000000020000074       0x1c c:/st/stm32cubeide_1.8.0/stm32cubeide/plugins/com.st.stm32cube.ide.mcu.externaltools.gnu-tools-for-stm32.9-2020-q2-update.win32_2.0.0.202105311346/tools/bin/../lib/gcc/arm-none-eabi/9.3.1/thumb/v7e-m+fp/hard/crtbegin.o
 *(.bss*)
 .bss.xIdleTaskTCBBuffer
                0x0000000020000090       0xb4 ./Core/Src/freertos.o
 .bss.xIdleStack
                0x0000000020000144      0x200 ./Core/Src/freertos.o
 .bss.pxCurrentTCB
                0x0000000020000344        0x4 ./Middlewares/Third_Party/FreeRTOS/Source/tasks.o
                0x0000000020000344                pxCurrentTCB
 .bss.pxReadyTasksLists
                0x0000000020000348       0x8c ./Middlewares/Third_Party/FreeRTOS/Source/tasks.o
 .bss.xDelayedTaskList1
                0x00000000200003d4       0x14 ./Middlewares/Third_Party/FreeRTOS/Source/tasks.o
 .bss.xDelayedTaskList2
                0x00000000200003e8       0x14 ./Middlewares/Third_Party/FreeRTOS/Source/tasks.o
 .bss.pxDelayedTaskList
                0x00000000200003fc        0x4 ./Middlewares/Third_Party/FreeRTOS/Source/tasks.o
 .bss.pxOverflowDelayedTaskList
                0x0000000020000400        0x4 ./Middlewares/Third_Party/FreeRTOS/Source/tasks.o
 .bss.xPendingReadyList
                0x0000000020000404       0x14 ./Middlewares/Third_Party/FreeRTOS/Source/tasks.o
 .bss.xTasksWaitingTermination
                0x0000000020000418       0x14 ./Middlewares/Third_Party/FreeRTOS/Source/tasks.o
 .bss.uxDeletedTasksWaitingCleanUp
                0x000000002000042c        0x4 ./Middlewares/Third_Party/FreeRTOS/Source/tasks.o
 .bss.xSuspendedTaskList
                0x0000000020000430       0x14 ./Middlewares/Third_Party/FreeRTOS/Source/tasks.o
 .bss.uxCurrentNumberOfTasks
                0x0000000020000444        0x4 ./Middlewares/Third_Party/FreeRTOS/Source/tasks.o
 .bss.xTickCount
                0x0000000020000448        0x4 ./Middlewares/Third_Party/FreeRTOS/Source/tasks.o
 .bss.uxTopReadyPriority
                0x000000002000044c        0x4 ./Middlewares/Third_Party/FreeRTOS/Source/tasks.o
 .bss.xSchedulerRunning
                0x0000000020000450        0x4 ./Middlewares/Third_Party/FreeRTOS/Source/tasks.o
 .bss.xPendedTicks
                0x0000000020000454        0x4 ./Middlewares/Third_Party/FreeRTOS/Source/tasks.o
 .bss.xYieldPending
                0x0000000020000458        0x4 ./Middlewares/Third_Party/FreeRTOS/Source/tasks.o
 .bss.xNumOfOverflows
                0x000000002000045c        0x4 ./Middlewares/Third_Party/FreeRTOS/Source/tasks.o
 .bss.uxTaskNumber
                0x0000000020000460        0x4 ./Middlewares/Third_Party/FreeRTOS/Source/tasks.o
 .bss.xNextTaskUnblockTime
                0x0000000020000464        0x4 ./Middlewares/Third_Party/FreeRTOS/Source/tasks.o
 .bss.xIdleTaskHandle
                0x0000000020000468        0x4 ./Middlewares/Third_Party/FreeRTOS/Source/tasks.o
 .bss.uxSchedulerSuspended
                0x000000002000046c        0x4 ./Middlewares/Third_Party/FreeRTOS/Source/tasks.o
 .bss.ucMaxSysCallPriority
                0x0000000020000470        0x1 ./Middlewares/Third_Party/FreeRTOS/Source/portable/GCC/ARM_CM4F/port.o
 *fill*         0x0000000020000471        0x3 
 .bss.ulMaxPRIGROUPValue
                0x0000000020000474        0x4 ./Middlewares/Third_Party/FreeRTOS/Source/portable/GCC/ARM_CM4F/port.o
 .bss.ucHeap    0x0000000020000478     0x3c00 ./Middlewares/Third_Party/FreeRTOS/Source/portable/MemMang/heap_4.o
 .bss.xStart    0x0000000020004078        0x8 ./Middlewares/Third_Party/FreeRTOS/Source/portable/MemMang/heap_4.o
 .bss.pxEnd     0x0000000020004080        0x4 ./Middlewares/Third_Party/FreeRTOS/Source/portable/MemMang/heap_4.o
 .bss.xFreeBytesRemaining
                0x0000000020004084        0x4 ./Middlewares/Third_Party/FreeRTOS/Source/portable/MemMang/heap_4.o
 .bss.xMinimumEverFreeBytesRemaining
                0x0000000020004088        0x4 ./Middlewares/Third_Party/FreeRTOS/Source/portable/MemMang/heap_4.o
 .bss.xNumberOfSuccessfulAllocations
                0x000000002000408c        0x4 ./Middlewares/Third_Party/FreeRTOS/Source/portable/MemMang/heap_4.o
 .bss.xNumberOfSuccessfulFrees
                0x0000000020004090        0x4 ./Middlewares/Third_Party/FreeRTOS/Source/portable/MemMang/heap_4.o
 .bss.xBlockAllocatedBit
                0x0000000020004094        0x4 ./Middlewares/Third_Party/FreeRTOS/Source/portable/MemMang/heap_4.o
 .bss.__malloc_free_list
                0x0000000020004098        0x4 c:/st/stm32cubeide_1.8.0/stm32cubeide/plugins/com.st.stm32cube.ide.mcu.externaltools.gnu-tools-for-stm32.9-2020-q2-update.win32_2.0.0.202105311346/tools/bin/../lib/gcc/arm-none-eabi/9.3.1/../../../../arm-none-eabi/lib/thumb/v7e-m+fp/hard\libc_nano.a(lib_a-nano-mallocr.o)
                0x0000000020004098                __malloc_free_list
 *(COMMON)
 COMMON         0x000000002000409c       0x14 ./Core/Src/main.o
                0x000000002000409c                defaultTaskHandle
                0x00000000200040a0                task1Handle
                0x00000000200040a4                task4Handle
                0x00000000200040a8                task3Handle
                0x00000000200040ac                myBinarySem01Handle
 COMMON         0x00000000200040b0       0x48 ./Core/Src/stm32f4xx_hal_timebase_tim.o
                0x00000000200040b0                htim1
 COMMON         0x00000000200040f8        0x4 ./Drivers/STM32F4xx_HAL_Driver/Src/stm32f4xx_hal.o
                0x00000000200040f8                uwTick
 COMMON         0x00000000200040fc        0x9 c:/st/stm32cubeide_1.8.0/stm32cubeide/plugins/com.st.stm32cube.ide.mcu.externaltools.gnu-tools-for-stm32.9-2020-q2-update.win32_2.0.0.202105311346/tools/bin/../lib/gcc/arm-none-eabi/9.3.1/../../../../arm-none-eabi/lib/thumb/v7e-m+fp/hard\libc_nano.a(lib_a-lock.o)
                0x00000000200040fc                __lock___atexit_recursive_mutex
                0x00000000200040fd                __lock___arc4random_mutex
                0x00000000200040fe                __lock___env_recursive_mutex
                0x00000000200040ff                __lock___sinit_recursive_mutex
                0x0000000020004100                __lock___malloc_recursive_mutex
                0x0000000020004101                __lock___at_quick_exit_mutex
                0x0000000020004102                __lock___dd_hash_mutex
                0x0000000020004103                __lock___tz_mutex
                0x0000000020004104                __lock___sfp_recursive_mutex
                0x0000000020004108                . = ALIGN (0x4)
 *fill*         0x0000000020004105        0x3 
                0x0000000020004108                _ebss = .
                0x0000000020004108                __bss_end__ = _ebss

._user_heap_stack
                0x0000000020004108      0x600
                0x0000000020004108                . = ALIGN (0x8)
                [!provide]                        PROVIDE (end = .)
                0x0000000020004108                PROVIDE (_end = .)
                0x0000000020004308                . = (. + _Min_Heap_Size)
 *fill*         0x0000000020004108      0x200 
                0x0000000020004708                . = (. + _Min_Stack_Size)
 *fill*         0x0000000020004308      0x400 
                0x0000000020004708                . = ALIGN (0x8)

/DISCARD/
 libc.a(*)
 libm.a(*)
 libgcc.a(*)

.ARM.attributes
                0x0000000000000000       0x30
 *(.ARM.attributes)
 .ARM.attributes
                0x0000000000000000       0x1e c:/st/stm32cubeide_1.8.0/stm32cubeide/plugins/com.st.stm32cube.ide.mcu.externaltools.gnu-tools-for-stm32.9-2020-q2-update.win32_2.0.0.202105311346/tools/bin/../lib/gcc/arm-none-eabi/9.3.1/thumb/v7e-m+fp/hard/crti.o
 .ARM.attributes
                0x000000000000001e       0x34 c:/st/stm32cubeide_1.8.0/stm32cubeide/plugins/com.st.stm32cube.ide.mcu.externaltools.gnu-tools-for-stm32.9-2020-q2-update.win32_2.0.0.202105311346/tools/bin/../lib/gcc/arm-none-eabi/9.3.1/thumb/v7e-m+fp/hard/crtbegin.o
 .ARM.attributes
                0x0000000000000052       0x34 ./Core/Src/freertos.o
 .ARM.attributes
                0x0000000000000086       0x34 ./Core/Src/main.o
 .ARM.attributes
                0x00000000000000ba       0x34 ./Core/Src/stm32f4xx_hal_msp.o
 .ARM.attributes
                0x00000000000000ee       0x34 ./Core/Src/stm32f4xx_hal_timebase_tim.o
 .ARM.attributes
                0x0000000000000122       0x34 ./Core/Src/stm32f4xx_it.o
 .ARM.attributes
                0x0000000000000156       0x34 ./Core/Src/system_stm32f4xx.o
 .ARM.attributes
                0x000000000000018a       0x21 ./Core/Startup/startup_stm32f407vgtx.o
 .ARM.attributes
                0x00000000000001ab       0x34 ./Drivers/STM32F4xx_HAL_Driver/Src/stm32f4xx_hal.o
 .ARM.attributes
                0x00000000000001df       0x34 ./Drivers/STM32F4xx_HAL_Driver/Src/stm32f4xx_hal_cortex.o
 .ARM.attributes
                0x0000000000000213       0x34 ./Drivers/STM32F4xx_HAL_Driver/Src/stm32f4xx_hal_gpio.o
 .ARM.attributes
                0x0000000000000247       0x34 ./Drivers/STM32F4xx_HAL_Driver/Src/stm32f4xx_hal_rcc.o
 .ARM.attributes
                0x000000000000027b       0x34 ./Drivers/STM32F4xx_HAL_Driver/Src/stm32f4xx_hal_tim.o
 .ARM.attributes
                0x00000000000002af       0x34 ./Drivers/STM32F4xx_HAL_Driver/Src/stm32f4xx_hal_tim_ex.o
 .ARM.attributes
                0x00000000000002e3       0x34 ./Middlewares/Third_Party/FreeRTOS/Source/CMSIS_RTOS/cmsis_os.o
 .ARM.attributes
                0x0000000000000317       0x34 ./Middlewares/Third_Party/FreeRTOS/Source/list.o
 .ARM.attributes
                0x000000000000034b       0x34 ./Middlewares/Third_Party/FreeRTOS/Source/queue.o
 .ARM.attributes
                0x000000000000037f       0x34 ./Middlewares/Third_Party/FreeRTOS/Source/tasks.o
 .ARM.attributes
                0x00000000000003b3       0x34 ./Middlewares/Third_Party/FreeRTOS/Source/portable/GCC/ARM_CM4F/port.o
 .ARM.attributes
                0x00000000000003e7       0x34 ./Middlewares/Third_Party/FreeRTOS/Source/portable/MemMang/heap_4.o
 .ARM.attributes
                0x000000000000041b       0x34 c:/st/stm32cubeide_1.8.0/stm32cubeide/plugins/com.st.stm32cube.ide.mcu.externaltools.gnu-tools-for-stm32.9-2020-q2-update.win32_2.0.0.202105311346/tools/bin/../lib/gcc/arm-none-eabi/9.3.1/../../../../arm-none-eabi/lib/thumb/v7e-m+fp/hard\libc_nano.a(lib_a-findfp.o)
 .ARM.attributes
                0x000000000000044f       0x32 c:/st/stm32cubeide_1.8.0/stm32cubeide/plugins/com.st.stm32cube.ide.mcu.externaltools.gnu-tools-for-stm32.9-2020-q2-update.win32_2.0.0.202105311346/tools/bin/../lib/gcc/arm-none-eabi/9.3.1/../../../../arm-none-eabi/lib/thumb/v7e-m+fp/hard\libc_nano.a(lib_a-impure.o)
 .ARM.attributes
                0x0000000000000481       0x34 c:/st/stm32cubeide_1.8.0/stm32cubeide/plugins/com.st.stm32cube.ide.mcu.externaltools.gnu-tools-for-stm32.9-2020-q2-update.win32_2.0.0.202105311346/tools/bin/../lib/gcc/arm-none-eabi/9.3.1/../../../../arm-none-eabi/lib/thumb/v7e-m+fp/hard\libc_nano.a(lib_a-init.o)
 .ARM.attributes
                0x00000000000004b5       0x34 c:/st/stm32cubeide_1.8.0/stm32cubeide/plugins/com.st.stm32cube.ide.mcu.externaltools.gnu-tools-for-stm32.9-2020-q2-update.win32_2.0.0.202105311346/tools/bin/../lib/gcc/arm-none-eabi/9.3.1/../../../../arm-none-eabi/lib/thumb/v7e-m+fp/hard\libc_nano.a(lib_a-lock.o)
 .ARM.attributes
                0x00000000000004e9       0x34 c:/st/stm32cubeide_1.8.0/stm32cubeide/plugins/com.st.stm32cube.ide.mcu.externaltools.gnu-tools-for-stm32.9-2020-q2-update.win32_2.0.0.202105311346/tools/bin/../lib/gcc/arm-none-eabi/9.3.1/../../../../arm-none-eabi/lib/thumb/v7e-m+fp/hard\libc_nano.a(lib_a-memcpy-stub.o)
 .ARM.attributes
                0x000000000000051d       0x34 c:/st/stm32cubeide_1.8.0/stm32cubeide/plugins/com.st.stm32cube.ide.mcu.externaltools.gnu-tools-for-stm32.9-2020-q2-update.win32_2.0.0.202105311346/tools/bin/../lib/gcc/arm-none-eabi/9.3.1/../../../../arm-none-eabi/lib/thumb/v7e-m+fp/hard\libc_nano.a(lib_a-memset.o)
 .ARM.attributes
                0x0000000000000551       0x34 c:/st/stm32cubeide_1.8.0/stm32cubeide/plugins/com.st.stm32cube.ide.mcu.externaltools.gnu-tools-for-stm32.9-2020-q2-update.win32_2.0.0.202105311346/tools/bin/../lib/gcc/arm-none-eabi/9.3.1/../../../../arm-none-eabi/lib/thumb/v7e-m+fp/hard\libc_nano.a(lib_a-nano-mallocr.o)
 .ARM.attributes
                0x0000000000000585       0x34 c:/st/stm32cubeide_1.8.0/stm32cubeide/plugins/com.st.stm32cube.ide.mcu.externaltools.gnu-tools-for-stm32.9-2020-q2-update.win32_2.0.0.202105311346/tools/bin/../lib/gcc/arm-none-eabi/9.3.1/../../../../arm-none-eabi/lib/thumb/v7e-m+fp/hard\libc_nano.a(lib_a-reent.o)
 .ARM.attributes
                0x00000000000005b9       0x34 c:/st/stm32cubeide_1.8.0/stm32cubeide/plugins/com.st.stm32cube.ide.mcu.externaltools.gnu-tools-for-stm32.9-2020-q2-update.win32_2.0.0.202105311346/tools/bin/../lib/gcc/arm-none-eabi/9.3.1/../../../../arm-none-eabi/lib/thumb/v7e-m+fp/hard\libc_nano.a(lib_a-mlock.o)
 .ARM.attributes
                0x00000000000005ed       0x34 c:/st/stm32cubeide_1.8.0/stm32cubeide/plugins/com.st.stm32cube.ide.mcu.externaltools.gnu-tools-for-stm32.9-2020-q2-update.win32_2.0.0.202105311346/tools/bin/../lib/gcc/arm-none-eabi/9.3.1/../../../../arm-none-eabi/lib/thumb/v7e-m+fp/hard\libc_nano.a(lib_a-nano-freer.o)
 .ARM.attributes
                0x0000000000000621       0x1e c:/st/stm32cubeide_1.8.0/stm32cubeide/plugins/com.st.stm32cube.ide.mcu.externaltools.gnu-tools-for-stm32.9-2020-q2-update.win32_2.0.0.202105311346/tools/bin/../lib/gcc/arm-none-eabi/9.3.1/thumb/v7e-m+fp/hard\libgcc.a(_aeabi_uldivmod.o)
 .ARM.attributes
                0x000000000000063f       0x34 c:/st/stm32cubeide_1.8.0/stm32cubeide/plugins/com.st.stm32cube.ide.mcu.externaltools.gnu-tools-for-stm32.9-2020-q2-update.win32_2.0.0.202105311346/tools/bin/../lib/gcc/arm-none-eabi/9.3.1/thumb/v7e-m+fp/hard\libgcc.a(_udivmoddi4.o)
 .ARM.attributes
                0x0000000000000673       0x1e c:/st/stm32cubeide_1.8.0/stm32cubeide/plugins/com.st.stm32cube.ide.mcu.externaltools.gnu-tools-for-stm32.9-2020-q2-update.win32_2.0.0.202105311346/tools/bin/../lib/gcc/arm-none-eabi/9.3.1/thumb/v7e-m+fp/hard\libgcc.a(_dvmd_tls.o)
 .ARM.attributes
                0x0000000000000691       0x1e c:/st/stm32cubeide_1.8.0/stm32cubeide/plugins/com.st.stm32cube.ide.mcu.externaltools.gnu-tools-for-stm32.9-2020-q2-update.win32_2.0.0.202105311346/tools/bin/../lib/gcc/arm-none-eabi/9.3.1/thumb/v7e-m+fp/hard/crtn.o
OUTPUT(RTOS_1.elf elf32-littlearm)
LOAD linker stubs
LOAD c:/st/stm32cubeide_1.8.0/stm32cubeide/plugins/com.st.stm32cube.ide.mcu.externaltools.gnu-tools-for-stm32.9-2020-q2-update.win32_2.0.0.202105311346/tools/bin/../lib/gcc/arm-none-eabi/9.3.1/../../../../arm-none-eabi/lib/thumb/v7e-m+fp/hard\libc.a
LOAD c:/st/stm32cubeide_1.8.0/stm32cubeide/plugins/com.st.stm32cube.ide.mcu.externaltools.gnu-tools-for-stm32.9-2020-q2-update.win32_2.0.0.202105311346/tools/bin/../lib/gcc/arm-none-eabi/9.3.1/../../../../arm-none-eabi/lib/thumb/v7e-m+fp/hard\libm.a
LOAD c:/st/stm32cubeide_1.8.0/stm32cubeide/plugins/com.st.stm32cube.ide.mcu.externaltools.gnu-tools-for-stm32.9-2020-q2-update.win32_2.0.0.202105311346/tools/bin/../lib/gcc/arm-none-eabi/9.3.1/thumb/v7e-m+fp/hard\libgcc.a

.debug_info     0x0000000000000000    0x1406e
 .debug_info    0x0000000000000000      0xc14 ./Core/Src/freertos.o
 .debug_info    0x0000000000000c14     0x1e3d ./Core/Src/main.o
 .debug_info    0x0000000000002a51      0x394 ./Core/Src/stm32f4xx_hal_msp.o
 .debug_info    0x0000000000002de5      0xc6c ./Core/Src/stm32f4xx_hal_timebase_tim.o
 .debug_info    0x0000000000003a51      0x7cb ./Core/Src/stm32f4xx_it.o
 .debug_info    0x000000000000421c      0x5a4 ./Core/Src/system_stm32f4xx.o
 .debug_info    0x00000000000047c0       0x22 ./Core/Startup/startup_stm32f407vgtx.o
 .debug_info    0x00000000000047e2      0x9b2 ./Drivers/STM32F4xx_HAL_Driver/Src/stm32f4xx_hal.o
 .debug_info    0x0000000000005194      0xed7 ./Drivers/STM32F4xx_HAL_Driver/Src/stm32f4xx_hal_cortex.o
 .debug_info    0x000000000000606b      0x83e ./Drivers/STM32F4xx_HAL_Driver/Src/stm32f4xx_hal_gpio.o
 .debug_info    0x00000000000068a9      0x996 ./Drivers/STM32F4xx_HAL_Driver/Src/stm32f4xx_hal_rcc.o
 .debug_info    0x000000000000723f     0x2c22 ./Drivers/STM32F4xx_HAL_Driver/Src/stm32f4xx_hal_tim.o
 .debug_info    0x0000000000009e61     0x15a2 ./Drivers/STM32F4xx_HAL_Driver/Src/stm32f4xx_hal_tim_ex.o
 .debug_info    0x000000000000b403     0x2048 ./Middlewares/Third_Party/FreeRTOS/Source/CMSIS_RTOS/cmsis_os.o
 .debug_info    0x000000000000d44b      0xb82 ./Middlewares/Third_Party/FreeRTOS/Source/list.o
 .debug_info    0x000000000000dfcd     0x1ffc ./Middlewares/Third_Party/FreeRTOS/Source/queue.o
 .debug_info    0x000000000000ffc9     0x2591 ./Middlewares/Third_Party/FreeRTOS/Source/tasks.o
 .debug_info    0x000000000001255a      0xd8a ./Middlewares/Third_Party/FreeRTOS/Source/portable/GCC/ARM_CM4F/port.o
 .debug_info    0x00000000000132e4      0xd8a ./Middlewares/Third_Party/FreeRTOS/Source/portable/MemMang/heap_4.o

.debug_abbrev   0x0000000000000000     0x2c12
 .debug_abbrev  0x0000000000000000      0x1db ./Core/Src/freertos.o
 .debug_abbrev  0x00000000000001db      0x37a ./Core/Src/main.o
 .debug_abbrev  0x0000000000000555      0x11d ./Core/Src/stm32f4xx_hal_msp.o
 .debug_abbrev  0x0000000000000672      0x1bf ./Core/Src/stm32f4xx_hal_timebase_tim.o
 .debug_abbrev  0x0000000000000831      0x176 ./Core/Src/stm32f4xx_it.o
 .debug_abbrev  0x00000000000009a7      0x145 ./Core/Src/system_stm32f4xx.o
 .debug_abbrev  0x0000000000000aec       0x12 ./Core/Startup/startup_stm32f407vgtx.o
 .debug_abbrev  0x0000000000000afe      0x1ed ./Drivers/STM32F4xx_HAL_Driver/Src/stm32f4xx_hal.o
 .debug_abbrev  0x0000000000000ceb      0x33c ./Drivers/STM32F4xx_HAL_Driver/Src/stm32f4xx_hal_cortex.o
 .debug_abbrev  0x0000000000001027      0x1f1 ./Drivers/STM32F4xx_HAL_Driver/Src/stm32f4xx_hal_gpio.o
 .debug_abbrev  0x0000000000001218      0x275 ./Drivers/STM32F4xx_HAL_Driver/Src/stm32f4xx_hal_rcc.o
 .debug_abbrev  0x000000000000148d      0x25e ./Drivers/STM32F4xx_HAL_Driver/Src/stm32f4xx_hal_tim.o
 .debug_abbrev  0x00000000000016eb      0x266 ./Drivers/STM32F4xx_HAL_Driver/Src/stm32f4xx_hal_tim_ex.o
 .debug_abbrev  0x0000000000001951      0x3c2 ./Middlewares/Third_Party/FreeRTOS/Source/CMSIS_RTOS/cmsis_os.o
 .debug_abbrev  0x0000000000001d13      0x1f7 ./Middlewares/Third_Party/FreeRTOS/Source/list.o
 .debug_abbrev  0x0000000000001f0a      0x380 ./Middlewares/Third_Party/FreeRTOS/Source/queue.o
 .debug_abbrev  0x000000000000228a      0x380 ./Middlewares/Third_Party/FreeRTOS/Source/tasks.o
 .debug_abbrev  0x000000000000260a      0x335 ./Middlewares/Third_Party/FreeRTOS/Source/portable/GCC/ARM_CM4F/port.o
 .debug_abbrev  0x000000000000293f      0x2d3 ./Middlewares/Third_Party/FreeRTOS/Source/portable/MemMang/heap_4.o

.debug_aranges  0x0000000000000000      0xf50
 .debug_aranges
                0x0000000000000000       0x20 ./Core/Src/freertos.o
 .debug_aranges
                0x0000000000000020       0x70 ./Core/Src/main.o
 .debug_aranges
                0x0000000000000090       0x20 ./Core/Src/stm32f4xx_hal_msp.o
 .debug_aranges
                0x00000000000000b0       0x30 ./Core/Src/stm32f4xx_hal_timebase_tim.o
 .debug_aranges
                0x00000000000000e0       0x50 ./Core/Src/stm32f4xx_it.o
 .debug_aranges
                0x0000000000000130       0x28 ./Core/Src/system_stm32f4xx.o
 .debug_aranges
                0x0000000000000158       0x28 ./Core/Startup/startup_stm32f407vgtx.o
 .debug_aranges
                0x0000000000000180       0xf0 ./Drivers/STM32F4xx_HAL_Driver/Src/stm32f4xx_hal.o
 .debug_aranges
                0x0000000000000270      0x118 ./Drivers/STM32F4xx_HAL_Driver/Src/stm32f4xx_hal_cortex.o
 .debug_aranges
                0x0000000000000388       0x58 ./Drivers/STM32F4xx_HAL_Driver/Src/stm32f4xx_hal_gpio.o
 .debug_aranges
                0x00000000000003e0       0x88 ./Drivers/STM32F4xx_HAL_Driver/Src/stm32f4xx_hal_rcc.o
 .debug_aranges
                0x0000000000000468      0x3d0 ./Drivers/STM32F4xx_HAL_Driver/Src/stm32f4xx_hal_tim.o
 .debug_aranges
                0x0000000000000838      0x168 ./Drivers/STM32F4xx_HAL_Driver/Src/stm32f4xx_hal_tim_ex.o
 .debug_aranges
                0x00000000000009a0      0x1d8 ./Middlewares/Third_Party/FreeRTOS/Source/CMSIS_RTOS/cmsis_os.o
 .debug_aranges
                0x0000000000000b78       0x40 ./Middlewares/Third_Party/FreeRTOS/Source/list.o
 .debug_aranges
                0x0000000000000bb8      0x108 ./Middlewares/Third_Party/FreeRTOS/Source/queue.o
 .debug_aranges
                0x0000000000000cc0      0x1b8 ./Middlewares/Third_Party/FreeRTOS/Source/tasks.o
 .debug_aranges
                0x0000000000000e78       0x80 ./Middlewares/Third_Party/FreeRTOS/Source/portable/GCC/ARM_CM4F/port.o
 .debug_aranges
                0x0000000000000ef8       0x58 ./Middlewares/Third_Party/FreeRTOS/Source/portable/MemMang/heap_4.o

.debug_ranges   0x0000000000000000      0xe28
 .debug_ranges  0x0000000000000000       0x10 ./Core/Src/freertos.o
 .debug_ranges  0x0000000000000010       0x60 ./Core/Src/main.o
 .debug_ranges  0x0000000000000070       0x10 ./Core/Src/stm32f4xx_hal_msp.o
 .debug_ranges  0x0000000000000080       0x20 ./Core/Src/stm32f4xx_hal_timebase_tim.o
 .debug_ranges  0x00000000000000a0       0x40 ./Core/Src/stm32f4xx_it.o
 .debug_ranges  0x00000000000000e0       0x18 ./Core/Src/system_stm32f4xx.o
 .debug_ranges  0x00000000000000f8       0x20 ./Core/Startup/startup_stm32f407vgtx.o
 .debug_ranges  0x0000000000000118       0xe0 ./Drivers/STM32F4xx_HAL_Driver/Src/stm32f4xx_hal.o
 .debug_ranges  0x00000000000001f8      0x108 ./Drivers/STM32F4xx_HAL_Driver/Src/stm32f4xx_hal_cortex.o
 .debug_ranges  0x0000000000000300       0x48 ./Drivers/STM32F4xx_HAL_Driver/Src/stm32f4xx_hal_gpio.o
 .debug_ranges  0x0000000000000348       0x78 ./Drivers/STM32F4xx_HAL_Driver/Src/stm32f4xx_hal_rcc.o
 .debug_ranges  0x00000000000003c0      0x3c0 ./Drivers/STM32F4xx_HAL_Driver/Src/stm32f4xx_hal_tim.o
 .debug_ranges  0x0000000000000780      0x158 ./Drivers/STM32F4xx_HAL_Driver/Src/stm32f4xx_hal_tim_ex.o
 .debug_ranges  0x00000000000008d8      0x1c8 ./Middlewares/Third_Party/FreeRTOS/Source/CMSIS_RTOS/cmsis_os.o
 .debug_ranges  0x0000000000000aa0       0x30 ./Middlewares/Third_Party/FreeRTOS/Source/list.o
 .debug_ranges  0x0000000000000ad0       0xf8 ./Middlewares/Third_Party/FreeRTOS/Source/queue.o
 .debug_ranges  0x0000000000000bc8      0x1a8 ./Middlewares/Third_Party/FreeRTOS/Source/tasks.o
 .debug_ranges  0x0000000000000d70       0x70 ./Middlewares/Third_Party/FreeRTOS/Source/portable/GCC/ARM_CM4F/port.o
 .debug_ranges  0x0000000000000de0       0x48 ./Middlewares/Third_Party/FreeRTOS/Source/portable/MemMang/heap_4.o

.debug_macro    0x0000000000000000    0x2273d
 .debug_macro   0x0000000000000000      0x2d3 ./Core/Src/freertos.o
 .debug_macro   0x00000000000002d3      0xaa8 ./Core/Src/freertos.o
 .debug_macro   0x0000000000000d7b      0x174 ./Core/Src/freertos.o
 .debug_macro   0x0000000000000eef       0x22 ./Core/Src/freertos.o
 .debug_macro   0x0000000000000f11       0x8e ./Core/Src/freertos.o
 .debug_macro   0x0000000000000f9f       0x51 ./Core/Src/freertos.o
 .debug_macro   0x0000000000000ff0      0x103 ./Core/Src/freertos.o
 .debug_macro   0x00000000000010f3       0x6a ./Core/Src/freertos.o
 .debug_macro   0x000000000000115d      0x1df ./Core/Src/freertos.o
 .debug_macro   0x000000000000133c       0xf1 ./Core/Src/freertos.o
 .debug_macro   0x000000000000142d      0x15a ./Core/Src/freertos.o
 .debug_macro   0x0000000000001587       0xde ./Core/Src/freertos.o
 .debug_macro   0x0000000000001665       0x1c ./Core/Src/freertos.o
 .debug_macro   0x0000000000001681       0x26 ./Core/Src/freertos.o
 .debug_macro   0x00000000000016a7       0x52 ./Core/Src/freertos.o
 .debug_macro   0x00000000000016f9       0x18 ./Core/Src/freertos.o
 .debug_macro   0x0000000000001711       0x3c ./Core/Src/freertos.o
 .debug_macro   0x000000000000174d       0x34 ./Core/Src/freertos.o
 .debug_macro   0x0000000000001781       0x16 ./Core/Src/freertos.o
 .debug_macro   0x0000000000001797       0x43 ./Core/Src/freertos.o
 .debug_macro   0x00000000000017da       0x34 ./Core/Src/freertos.o
 .debug_macro   0x000000000000180e       0x10 ./Core/Src/freertos.o
 .debug_macro   0x000000000000181e       0x58 ./Core/Src/freertos.o
 .debug_macro   0x0000000000001876       0x71 ./Core/Src/freertos.o
 .debug_macro   0x00000000000018e7       0x1c ./Core/Src/freertos.o
 .debug_macro   0x0000000000001903      0x12a ./Core/Src/freertos.o
 .debug_macro   0x0000000000001a2d       0x10 ./Core/Src/freertos.o
 .debug_macro   0x0000000000001a3d       0x35 ./Core/Src/freertos.o
 .debug_macro   0x0000000000001a72      0x4fe ./Core/Src/freertos.o
 .debug_macro   0x0000000000001f70       0xb5 ./Core/Src/freertos.o
 .debug_macro   0x0000000000002025       0xaa ./Core/Src/freertos.o
 .debug_macro   0x00000000000020cf      0x295 ./Core/Src/freertos.o
 .debug_macro   0x0000000000002364       0x2e ./Core/Src/freertos.o
 .debug_macro   0x0000000000002392       0x2f ./Core/Src/freertos.o
 .debug_macro   0x00000000000023c1       0x1c ./Core/Src/freertos.o
 .debug_macro   0x00000000000023dd       0x22 ./Core/Src/freertos.o
 .debug_macro   0x00000000000023ff       0xdf ./Core/Src/freertos.o
 .debug_macro   0x00000000000024de     0x102d ./Core/Src/freertos.o
 .debug_macro   0x000000000000350b      0x11f ./Core/Src/freertos.o
 .debug_macro   0x000000000000362a    0x15e58 ./Core/Src/freertos.o
 .debug_macro   0x0000000000019482       0x6d ./Core/Src/freertos.o
 .debug_macro   0x00000000000194ef     0x3666 ./Core/Src/freertos.o
 .debug_macro   0x000000000001cb55       0x5c ./Core/Src/freertos.o
 .debug_macro   0x000000000001cbb1      0x96b ./Core/Src/freertos.o
 .debug_macro   0x000000000001d51c      0x9fe ./Core/Src/freertos.o
 .debug_macro   0x000000000001df1a      0x116 ./Core/Src/freertos.o
 .debug_macro   0x000000000001e030      0x13e ./Core/Src/freertos.o
 .debug_macro   0x000000000001e16e       0xa5 ./Core/Src/freertos.o
 .debug_macro   0x000000000001e213      0x174 ./Core/Src/freertos.o
 .debug_macro   0x000000000001e387      0x287 ./Core/Src/freertos.o
 .debug_macro   0x000000000001e60e       0x5f ./Core/Src/freertos.o
 .debug_macro   0x000000000001e66d      0x236 ./Core/Src/freertos.o
 .debug_macro   0x000000000001e8a3      0x12c ./Core/Src/freertos.o
 .debug_macro   0x000000000001e9cf      0x21e ./Core/Src/freertos.o
 .debug_macro   0x000000000001ebed       0x2e ./Core/Src/freertos.o
 .debug_macro   0x000000000001ec1b      0x11a ./Core/Src/freertos.o
 .debug_macro   0x000000000001ed35       0x7e ./Core/Src/freertos.o
 .debug_macro   0x000000000001edb3       0x89 ./Core/Src/freertos.o
 .debug_macro   0x000000000001ee3c      0x8d1 ./Core/Src/freertos.o
 .debug_macro   0x000000000001f70d       0x47 ./Core/Src/freertos.o
 .debug_macro   0x000000000001f754      0x12d ./Core/Src/freertos.o
 .debug_macro   0x000000000001f881      0x3f2 ./Core/Src/main.o
 .debug_macro   0x000000000001fc73       0xf1 ./Core/Src/main.o
 .debug_macro   0x000000000001fd64       0x91 ./Core/Src/main.o
 .debug_macro   0x000000000001fdf5       0x8d ./Core/Src/main.o
 .debug_macro   0x000000000001fe82       0x7e ./Core/Src/main.o
 .debug_macro   0x000000000001ff00       0x19 ./Core/Src/main.o
 .debug_macro   0x000000000001ff19       0xf2 ./Core/Src/main.o
 .debug_macro   0x000000000002000b       0x1c ./Core/Src/main.o
 .debug_macro   0x0000000000020027      0x333 ./Core/Src/main.o
 .debug_macro   0x000000000002035a       0x10 ./Core/Src/main.o
 .debug_macro   0x000000000002036a       0x10 ./Core/Src/main.o
 .debug_macro   0x000000000002037a       0x1c ./Core/Src/main.o
 .debug_macro   0x0000000000020396       0x52 ./Core/Src/main.o
 .debug_macro   0x00000000000203e8       0x22 ./Core/Src/main.o
 .debug_macro   0x000000000002040a       0x10 ./Core/Src/main.o
 .debug_macro   0x000000000002041a       0x40 ./Core/Src/main.o
 .debug_macro   0x000000000002045a       0xd5 ./Core/Src/main.o
 .debug_macro   0x000000000002052f       0x1c ./Core/Src/main.o
 .debug_macro   0x000000000002054b       0x3d ./Core/Src/main.o
 .debug_macro   0x0000000000020588       0x16 ./Core/Src/main.o
 .debug_macro   0x000000000002059e      0x145 ./Core/Src/main.o
 .debug_macro   0x00000000000206e3      0x1ce ./Core/Src/stm32f4xx_hal_msp.o
 .debug_macro   0x00000000000208b1      0x1c4 ./Core/Src/stm32f4xx_hal_timebase_tim.o
 .debug_macro   0x0000000000020a75      0x1d8 ./Core/Src/stm32f4xx_it.o
 .debug_macro   0x0000000000020c4d      0x1c4 ./Core/Src/system_stm32f4xx.o
 .debug_macro   0x0000000000020e11      0x224 ./Drivers/STM32F4xx_HAL_Driver/Src/stm32f4xx_hal.o
 .debug_macro   0x0000000000021035      0x1c4 ./Drivers/STM32F4xx_HAL_Driver/Src/stm32f4xx_hal_cortex.o
 .debug_macro   0x00000000000211f9      0x1ca ./Drivers/STM32F4xx_HAL_Driver/Src/stm32f4xx_hal_gpio.o
 .debug_macro   0x00000000000213c3      0x1e8 ./Drivers/STM32F4xx_HAL_Driver/Src/stm32f4xx_hal_rcc.o
 .debug_macro   0x00000000000215ab      0x1c5 ./Drivers/STM32F4xx_HAL_Driver/Src/stm32f4xx_hal_tim.o
 .debug_macro   0x0000000000021770      0x1c4 ./Drivers/STM32F4xx_HAL_Driver/Src/stm32f4xx_hal_tim_ex.o
 .debug_macro   0x0000000000021934      0x210 ./Middlewares/Third_Party/FreeRTOS/Source/CMSIS_RTOS/cmsis_os.o
 .debug_macro   0x0000000000021b44       0x10 ./Middlewares/Third_Party/FreeRTOS/Source/CMSIS_RTOS/cmsis_os.o
 .debug_macro   0x0000000000021b54       0x20 ./Middlewares/Third_Party/FreeRTOS/Source/CMSIS_RTOS/cmsis_os.o
 .debug_macro   0x0000000000021b74       0x16 ./Middlewares/Third_Party/FreeRTOS/Source/CMSIS_RTOS/cmsis_os.o
 .debug_macro   0x0000000000021b8a       0xc7 ./Middlewares/Third_Party/FreeRTOS/Source/CMSIS_RTOS/cmsis_os.o
 .debug_macro   0x0000000000021c51      0x199 ./Middlewares/Third_Party/FreeRTOS/Source/list.o
 .debug_macro   0x0000000000021dea      0x228 ./Middlewares/Third_Party/FreeRTOS/Source/queue.o
 .debug_macro   0x0000000000022012       0x16 ./Middlewares/Third_Party/FreeRTOS/Source/queue.o
 .debug_macro   0x0000000000022028       0x87 ./Middlewares/Third_Party/FreeRTOS/Source/queue.o
 .debug_macro   0x00000000000220af      0x28b ./Middlewares/Third_Party/FreeRTOS/Source/tasks.o
 .debug_macro   0x000000000002233a       0x10 ./Middlewares/Third_Party/FreeRTOS/Source/tasks.o
 .debug_macro   0x000000000002234a      0x233 ./Middlewares/Third_Party/FreeRTOS/Source/portable/GCC/ARM_CM4F/port.o
 .debug_macro   0x000000000002257d      0x1c0 ./Middlewares/Third_Party/FreeRTOS/Source/portable/MemMang/heap_4.o

.debug_line     0x0000000000000000    0x108fb
 .debug_line    0x0000000000000000      0x8db ./Core/Src/freertos.o
 .debug_line    0x00000000000008db      0xc65 ./Core/Src/main.o
 .debug_line    0x0000000000001540      0x6ae ./Core/Src/stm32f4xx_hal_msp.o
 .debug_line    0x0000000000001bee      0x70e ./Core/Src/stm32f4xx_hal_timebase_tim.o
 .debug_line    0x00000000000022fc      0x74b ./Core/Src/stm32f4xx_it.o
 .debug_line    0x0000000000002a47      0x730 ./Core/Src/system_stm32f4xx.o
 .debug_line    0x0000000000003177       0x88 ./Core/Startup/startup_stm32f407vgtx.o
 .debug_line    0x00000000000031ff      0x996 ./Drivers/STM32F4xx_HAL_Driver/Src/stm32f4xx_hal.o
 .debug_line    0x0000000000003b95      0xc45 ./Drivers/STM32F4xx_HAL_Driver/Src/stm32f4xx_hal_cortex.o
 .debug_line    0x00000000000047da      0xb0c ./Drivers/STM32F4xx_HAL_Driver/Src/stm32f4xx_hal_gpio.o
 .debug_line    0x00000000000052e6      0xd12 ./Drivers/STM32F4xx_HAL_Driver/Src/stm32f4xx_hal_rcc.o
 .debug_line    0x0000000000005ff8     0x368a ./Drivers/STM32F4xx_HAL_Driver/Src/stm32f4xx_hal_tim.o
 .debug_line    0x0000000000009682     0x1993 ./Drivers/STM32F4xx_HAL_Driver/Src/stm32f4xx_hal_tim_ex.o
 .debug_line    0x000000000000b015     0x11cf ./Middlewares/Third_Party/FreeRTOS/Source/CMSIS_RTOS/cmsis_os.o
 .debug_line    0x000000000000c1e4      0x716 ./Middlewares/Third_Party/FreeRTOS/Source/list.o
 .debug_line    0x000000000000c8fa     0x1497 ./Middlewares/Third_Party/FreeRTOS/Source/queue.o
 .debug_line    0x000000000000dd91     0x194d ./Middlewares/Third_Party/FreeRTOS/Source/tasks.o
 .debug_line    0x000000000000f6de      0x8dd ./Middlewares/Third_Party/FreeRTOS/Source/portable/GCC/ARM_CM4F/port.o
 .debug_line    0x000000000000ffbb      0x940 ./Middlewares/Third_Party/FreeRTOS/Source/portable/MemMang/heap_4.o

.debug_str      0x0000000000000000    0xd183d
 .debug_str     0x0000000000000000    0xc71ea ./Core/Src/freertos.o
                                      0xc752c (size before relaxing)
 .debug_str     0x00000000000c71ea     0x5007 ./Core/Src/main.o
                                      0xcc581 (size before relaxing)
 .debug_str     0x00000000000cc1f1       0x2c ./Core/Src/stm32f4xx_hal_msp.o
                                      0xc1951 (size before relaxing)
 .debug_str     0x00000000000cc21d      0x57b ./Core/Src/stm32f4xx_hal_timebase_tim.o
                                      0xc2450 (size before relaxing)
 .debug_str     0x00000000000cc798       0xab ./Core/Src/stm32f4xx_it.o
                                      0xc1df4 (size before relaxing)
 .debug_str     0x00000000000cc843       0xaf ./Core/Src/system_stm32f4xx.o
                                      0xc19c3 (size before relaxing)
 .debug_str     0x00000000000cc8f2       0x36 ./Core/Startup/startup_stm32f407vgtx.o
                                         0x58 (size before relaxing)
 .debug_str     0x00000000000cc928      0x542 ./Drivers/STM32F4xx_HAL_Driver/Src/stm32f4xx_hal.o
                                      0xc24a5 (size before relaxing)
 .debug_str     0x00000000000cce6a      0x389 ./Drivers/STM32F4xx_HAL_Driver/Src/stm32f4xx_hal_cortex.o
                                      0xc2294 (size before relaxing)
 .debug_str     0x00000000000cd1f3      0x15f ./Drivers/STM32F4xx_HAL_Driver/Src/stm32f4xx_hal_gpio.o
                                      0xc1b6a (size before relaxing)
 .debug_str     0x00000000000cd352      0x24f ./Drivers/STM32F4xx_HAL_Driver/Src/stm32f4xx_hal_rcc.o
                                      0xc1dc5 (size before relaxing)
 .debug_str     0x00000000000cd5a1      0xe4d ./Drivers/STM32F4xx_HAL_Driver/Src/stm32f4xx_hal_tim.o
                                      0xc2cf2 (size before relaxing)
 .debug_str     0x00000000000ce3ee      0x538 ./Drivers/STM32F4xx_HAL_Driver/Src/stm32f4xx_hal_tim_ex.o
                                      0xc24a3 (size before relaxing)
 .debug_str     0x00000000000ce926      0x834 ./Middlewares/Third_Party/FreeRTOS/Source/CMSIS_RTOS/cmsis_os.o
                                       0xe542 (size before relaxing)
 .debug_str     0x00000000000cf15a      0x219 ./Middlewares/Third_Party/FreeRTOS/Source/list.o
                                       0xab67 (size before relaxing)
 .debug_str     0x00000000000cf373      0x816 ./Middlewares/Third_Party/FreeRTOS/Source/queue.o
                                       0xc371 (size before relaxing)
 .debug_str     0x00000000000cfb89     0x116d ./Middlewares/Third_Party/FreeRTOS/Source/tasks.o
                                       0xcde8 (size before relaxing)
 .debug_str     0x00000000000d0cf6      0x803 ./Middlewares/Third_Party/FreeRTOS/Source/portable/GCC/ARM_CM4F/port.o
                                       0xa457 (size before relaxing)
 .debug_str     0x00000000000d14f9      0x344 ./Middlewares/Third_Party/FreeRTOS/Source/portable/MemMang/heap_4.o
                                       0xb45a (size before relaxing)

.comment        0x0000000000000000       0x53
 .comment       0x0000000000000000       0x53 ./Core/Src/freertos.o
                                         0x54 (size before relaxing)
 .comment       0x0000000000000053       0x54 ./Core/Src/main.o
 .comment       0x0000000000000053       0x54 ./Core/Src/stm32f4xx_hal_msp.o
 .comment       0x0000000000000053       0x54 ./Core/Src/stm32f4xx_hal_timebase_tim.o
 .comment       0x0000000000000053       0x54 ./Core/Src/stm32f4xx_it.o
 .comment       0x0000000000000053       0x54 ./Core/Src/system_stm32f4xx.o
 .comment       0x0000000000000053       0x54 ./Drivers/STM32F4xx_HAL_Driver/Src/stm32f4xx_hal.o
 .comment       0x0000000000000053       0x54 ./Drivers/STM32F4xx_HAL_Driver/Src/stm32f4xx_hal_cortex.o
 .comment       0x0000000000000053       0x54 ./Drivers/STM32F4xx_HAL_Driver/Src/stm32f4xx_hal_gpio.o
 .comment       0x0000000000000053       0x54 ./Drivers/STM32F4xx_HAL_Driver/Src/stm32f4xx_hal_rcc.o
 .comment       0x0000000000000053       0x54 ./Drivers/STM32F4xx_HAL_Driver/Src/stm32f4xx_hal_tim.o
 .comment       0x0000000000000053       0x54 ./Drivers/STM32F4xx_HAL_Driver/Src/stm32f4xx_hal_tim_ex.o
 .comment       0x0000000000000053       0x54 ./Middlewares/Third_Party/FreeRTOS/Source/CMSIS_RTOS/cmsis_os.o
 .comment       0x0000000000000053       0x54 ./Middlewares/Third_Party/FreeRTOS/Source/list.o
 .comment       0x0000000000000053       0x54 ./Middlewares/Third_Party/FreeRTOS/Source/queue.o
 .comment       0x0000000000000053       0x54 ./Middlewares/Third_Party/FreeRTOS/Source/tasks.o
 .comment       0x0000000000000053       0x54 ./Middlewares/Third_Party/FreeRTOS/Source/portable/GCC/ARM_CM4F/port.o
 .comment       0x0000000000000053       0x54 ./Middlewares/Third_Party/FreeRTOS/Source/portable/MemMang/heap_4.o

.debug_frame    0x0000000000000000     0x422c
 .debug_frame   0x0000000000000000       0x38 ./Core/Src/freertos.o
 .debug_frame   0x0000000000000038      0x184 ./Core/Src/main.o
 .debug_frame   0x00000000000001bc       0x38 ./Core/Src/stm32f4xx_hal_msp.o
 .debug_frame   0x00000000000001f4       0x74 ./Core/Src/stm32f4xx_hal_timebase_tim.o
 .debug_frame   0x0000000000000268       0xc4 ./Core/Src/stm32f4xx_it.o
 .debug_frame   0x000000000000032c       0x58 ./Core/Src/system_stm32f4xx.o
 .debug_frame   0x0000000000000384      0x374 ./Drivers/STM32F4xx_HAL_Driver/Src/stm32f4xx_hal.o
 .debug_frame   0x00000000000006f8      0x498 ./Drivers/STM32F4xx_HAL_Driver/Src/stm32f4xx_hal_cortex.o
 .debug_frame   0x0000000000000b90      0x14c ./Drivers/STM32F4xx_HAL_Driver/Src/stm32f4xx_hal_gpio.o
 .debug_frame   0x0000000000000cdc      0x1f0 ./Drivers/STM32F4xx_HAL_Driver/Src/stm32f4xx_hal_rcc.o
 .debug_frame   0x0000000000000ecc     0x11c4 ./Drivers/STM32F4xx_HAL_Driver/Src/stm32f4xx_hal_tim.o
 .debug_frame   0x0000000000002090      0x638 ./Drivers/STM32F4xx_HAL_Driver/Src/stm32f4xx_hal_tim_ex.o
 .debug_frame   0x00000000000026c8      0x80c ./Middlewares/Third_Party/FreeRTOS/Source/CMSIS_RTOS/cmsis_os.o
 .debug_frame   0x0000000000002ed4       0xd8 ./Middlewares/Third_Party/FreeRTOS/Source/list.o
 .debug_frame   0x0000000000002fac      0x46c ./Middlewares/Third_Party/FreeRTOS/Source/queue.o
 .debug_frame   0x0000000000003418      0x77c ./Middlewares/Third_Party/FreeRTOS/Source/tasks.o
 .debug_frame   0x0000000000003b94      0x1a8 ./Middlewares/Third_Party/FreeRTOS/Source/portable/GCC/ARM_CM4F/port.o
 .debug_frame   0x0000000000003d3c      0x12c ./Middlewares/Third_Party/FreeRTOS/Source/portable/MemMang/heap_4.o
 .debug_frame   0x0000000000003e68      0x14c c:/st/stm32cubeide_1.8.0/stm32cubeide/plugins/com.st.stm32cube.ide.mcu.externaltools.gnu-tools-for-stm32.9-2020-q2-update.win32_2.0.0.202105311346/tools/bin/../lib/gcc/arm-none-eabi/9.3.1/../../../../arm-none-eabi/lib/thumb/v7e-m+fp/hard\libc_nano.a(lib_a-findfp.o)
 .debug_frame   0x0000000000003fb4       0x2c c:/st/stm32cubeide_1.8.0/stm32cubeide/plugins/com.st.stm32cube.ide.mcu.externaltools.gnu-tools-for-stm32.9-2020-q2-update.win32_2.0.0.202105311346/tools/bin/../lib/gcc/arm-none-eabi/9.3.1/../../../../arm-none-eabi/lib/thumb/v7e-m+fp/hard\libc_nano.a(lib_a-init.o)
 .debug_frame   0x0000000000003fe0       0xb0 c:/st/stm32cubeide_1.8.0/stm32cubeide/plugins/com.st.stm32cube.ide.mcu.externaltools.gnu-tools-for-stm32.9-2020-q2-update.win32_2.0.0.202105311346/tools/bin/../lib/gcc/arm-none-eabi/9.3.1/../../../../arm-none-eabi/lib/thumb/v7e-m+fp/hard\libc_nano.a(lib_a-lock.o)
 .debug_frame   0x0000000000004090       0x28 c:/st/stm32cubeide_1.8.0/stm32cubeide/plugins/com.st.stm32cube.ide.mcu.externaltools.gnu-tools-for-stm32.9-2020-q2-update.win32_2.0.0.202105311346/tools/bin/../lib/gcc/arm-none-eabi/9.3.1/../../../../arm-none-eabi/lib/thumb/v7e-m+fp/hard\libc_nano.a(lib_a-memcpy-stub.o)
 .debug_frame   0x00000000000040b8       0x20 c:/st/stm32cubeide_1.8.0/stm32cubeide/plugins/com.st.stm32cube.ide.mcu.externaltools.gnu-tools-for-stm32.9-2020-q2-update.win32_2.0.0.202105311346/tools/bin/../lib/gcc/arm-none-eabi/9.3.1/../../../../arm-none-eabi/lib/thumb/v7e-m+fp/hard\libc_nano.a(lib_a-memset.o)
 .debug_frame   0x00000000000040d8       0x30 c:/st/stm32cubeide_1.8.0/stm32cubeide/plugins/com.st.stm32cube.ide.mcu.externaltools.gnu-tools-for-stm32.9-2020-q2-update.win32_2.0.0.202105311346/tools/bin/../lib/gcc/arm-none-eabi/9.3.1/../../../../arm-none-eabi/lib/thumb/v7e-m+fp/hard\libc_nano.a(lib_a-nano-mallocr.o)
 .debug_frame   0x0000000000004108       0x5c c:/st/stm32cubeide_1.8.0/stm32cubeide/plugins/com.st.stm32cube.ide.mcu.externaltools.gnu-tools-for-stm32.9-2020-q2-update.win32_2.0.0.202105311346/tools/bin/../lib/gcc/arm-none-eabi/9.3.1/../../../../arm-none-eabi/lib/thumb/v7e-m+fp/hard\libc_nano.a(lib_a-reent.o)
 .debug_frame   0x0000000000004164       0x30 c:/st/stm32cubeide_1.8.0/stm32cubeide/plugins/com.st.stm32cube.ide.mcu.externaltools.gnu-tools-for-stm32.9-2020-q2-update.win32_2.0.0.202105311346/tools/bin/../lib/gcc/arm-none-eabi/9.3.1/../../../../arm-none-eabi/lib/thumb/v7e-m+fp/hard\libc_nano.a(lib_a-mlock.o)
 .debug_frame   0x0000000000004194       0x38 c:/st/stm32cubeide_1.8.0/stm32cubeide/plugins/com.st.stm32cube.ide.mcu.externaltools.gnu-tools-for-stm32.9-2020-q2-update.win32_2.0.0.202105311346/tools/bin/../lib/gcc/arm-none-eabi/9.3.1/../../../../arm-none-eabi/lib/thumb/v7e-m+fp/hard\libc_nano.a(lib_a-nano-freer.o)
 .debug_frame   0x00000000000041cc       0x2c c:/st/stm32cubeide_1.8.0/stm32cubeide/plugins/com.st.stm32cube.ide.mcu.externaltools.gnu-tools-for-stm32.9-2020-q2-update.win32_2.0.0.202105311346/tools/bin/../lib/gcc/arm-none-eabi/9.3.1/thumb/v7e-m+fp/hard\libgcc.a(_aeabi_uldivmod.o)
 .debug_frame   0x00000000000041f8       0x34 c:/st/stm32cubeide_1.8.0/stm32cubeide/plugins/com.st.stm32cube.ide.mcu.externaltools.gnu-tools-for-stm32.9-2020-q2-update.win32_2.0.0.202105311346/tools/bin/../lib/gcc/arm-none-eabi/9.3.1/thumb/v7e-m+fp/hard\libgcc.a(_udivmoddi4.o)
